Archive member included to satisfy reference by file (symbol)

c:/st/stm32cubeide_1.2.0/stm32cubeide/plugins/com.st.stm32cube.ide.mcu.externaltools.gnu-tools-for-stm32.7-2018-q2-update.win32_1.0.0.201904181610/tools/bin/../lib/gcc/arm-none-eabi/7.3.1/../../../../arm-none-eabi/lib/thumb/v7e-m/fpv5/hard\libc_nano.a(lib_a-errno.o)
                              Src/syscalls.o (__errno)
c:/st/stm32cubeide_1.2.0/stm32cubeide/plugins/com.st.stm32cube.ide.mcu.externaltools.gnu-tools-for-stm32.7-2018-q2-update.win32_1.0.0.201904181610/tools/bin/../lib/gcc/arm-none-eabi/7.3.1/../../../../arm-none-eabi/lib/thumb/v7e-m/fpv5/hard\libc_nano.a(lib_a-exit.o)
                              c:/st/stm32cubeide_1.2.0/stm32cubeide/plugins/com.st.stm32cube.ide.mcu.externaltools.gnu-tools-for-stm32.7-2018-q2-update.win32_1.0.0.201904181610/tools/bin/../lib/gcc/arm-none-eabi/7.3.1/../../../../arm-none-eabi/lib/thumb/v7e-m/fpv5/hard/crt0.o (exit)
c:/st/stm32cubeide_1.2.0/stm32cubeide/plugins/com.st.stm32cube.ide.mcu.externaltools.gnu-tools-for-stm32.7-2018-q2-update.win32_1.0.0.201904181610/tools/bin/../lib/gcc/arm-none-eabi/7.3.1/../../../../arm-none-eabi/lib/thumb/v7e-m/fpv5/hard\libc_nano.a(lib_a-impure.o)
                              c:/st/stm32cubeide_1.2.0/stm32cubeide/plugins/com.st.stm32cube.ide.mcu.externaltools.gnu-tools-for-stm32.7-2018-q2-update.win32_1.0.0.201904181610/tools/bin/../lib/gcc/arm-none-eabi/7.3.1/../../../../arm-none-eabi/lib/thumb/v7e-m/fpv5/hard\libc_nano.a(lib_a-exit.o) (_global_impure_ptr)
c:/st/stm32cubeide_1.2.0/stm32cubeide/plugins/com.st.stm32cube.ide.mcu.externaltools.gnu-tools-for-stm32.7-2018-q2-update.win32_1.0.0.201904181610/tools/bin/../lib/gcc/arm-none-eabi/7.3.1/../../../../arm-none-eabi/lib/thumb/v7e-m/fpv5/hard\libc_nano.a(lib_a-init.o)
                              c:/st/stm32cubeide_1.2.0/stm32cubeide/plugins/com.st.stm32cube.ide.mcu.externaltools.gnu-tools-for-stm32.7-2018-q2-update.win32_1.0.0.201904181610/tools/bin/../lib/gcc/arm-none-eabi/7.3.1/../../../../arm-none-eabi/lib/thumb/v7e-m/fpv5/hard/crt0.o (__libc_init_array)
c:/st/stm32cubeide_1.2.0/stm32cubeide/plugins/com.st.stm32cube.ide.mcu.externaltools.gnu-tools-for-stm32.7-2018-q2-update.win32_1.0.0.201904181610/tools/bin/../lib/gcc/arm-none-eabi/7.3.1/../../../../arm-none-eabi/lib/thumb/v7e-m/fpv5/hard\libc_nano.a(lib_a-memset.o)
                              c:/st/stm32cubeide_1.2.0/stm32cubeide/plugins/com.st.stm32cube.ide.mcu.externaltools.gnu-tools-for-stm32.7-2018-q2-update.win32_1.0.0.201904181610/tools/bin/../lib/gcc/arm-none-eabi/7.3.1/../../../../arm-none-eabi/lib/thumb/v7e-m/fpv5/hard/crt0.o (memset)

Allocating common symbols
Common symbol       size              file

uwTick              0x4               Drivers/STM32H7xx_HAL_Driver/Src/stm32h7xx_hal.o
pFlash              0x1c              Drivers/STM32H7xx_HAL_Driver/Src/stm32h7xx_hal_flash.o
hqspi               0x4c              Src/quadspi.o

Discarded input sections

 .group         0x0000000000000000        0xc Drivers/STM32H7xx_HAL_Driver/Src/stm32h7xx_hal.o
 .group         0x0000000000000000        0xc Drivers/STM32H7xx_HAL_Driver/Src/stm32h7xx_hal.o
 .group         0x0000000000000000        0xc Drivers/STM32H7xx_HAL_Driver/Src/stm32h7xx_hal.o
 .group         0x0000000000000000        0xc Drivers/STM32H7xx_HAL_Driver/Src/stm32h7xx_hal.o
 .group         0x0000000000000000        0xc Drivers/STM32H7xx_HAL_Driver/Src/stm32h7xx_hal.o
 .group         0x0000000000000000        0xc Drivers/STM32H7xx_HAL_Driver/Src/stm32h7xx_hal.o
 .group         0x0000000000000000        0xc Drivers/STM32H7xx_HAL_Driver/Src/stm32h7xx_hal.o
 .group         0x0000000000000000        0xc Drivers/STM32H7xx_HAL_Driver/Src/stm32h7xx_hal.o
 .group         0x0000000000000000        0xc Drivers/STM32H7xx_HAL_Driver/Src/stm32h7xx_hal.o
 .group         0x0000000000000000        0xc Drivers/STM32H7xx_HAL_Driver/Src/stm32h7xx_hal.o
 .group         0x0000000000000000        0xc Drivers/STM32H7xx_HAL_Driver/Src/stm32h7xx_hal.o
 .group         0x0000000000000000        0xc Drivers/STM32H7xx_HAL_Driver/Src/stm32h7xx_hal.o
 .group         0x0000000000000000        0xc Drivers/STM32H7xx_HAL_Driver/Src/stm32h7xx_hal.o
 .group         0x0000000000000000        0xc Drivers/STM32H7xx_HAL_Driver/Src/stm32h7xx_hal.o
 .group         0x0000000000000000        0xc Drivers/STM32H7xx_HAL_Driver/Src/stm32h7xx_hal.o
 .group         0x0000000000000000        0xc Drivers/STM32H7xx_HAL_Driver/Src/stm32h7xx_hal.o
 .group         0x0000000000000000        0xc Drivers/STM32H7xx_HAL_Driver/Src/stm32h7xx_hal.o
 .group         0x0000000000000000        0xc Drivers/STM32H7xx_HAL_Driver/Src/stm32h7xx_hal.o
 .group         0x0000000000000000        0xc Drivers/STM32H7xx_HAL_Driver/Src/stm32h7xx_hal.o
 .group         0x0000000000000000        0xc Drivers/STM32H7xx_HAL_Driver/Src/stm32h7xx_hal.o
 .group         0x0000000000000000        0xc Drivers/STM32H7xx_HAL_Driver/Src/stm32h7xx_hal.o
[...]
Memory Configuration

Name             Origin             Length             Attributes
RAM_D1           0x0000000024000004 0x0000000000080000 xrw
*default*        0x0000000000000000 0xffffffffffffffff

Linker script and memory map

LOAD c:/st/stm32cubeide_1.2.0/stm32cubeide/plugins/com.st.stm32cube.ide.mcu.externaltools.gnu-tools-for-stm32.7-2018-q2-update.win32_1.0.0.201904181610/tools/bin/../lib/gcc/arm-none-eabi/7.3.1/thumb/v7e-m/fpv5/hard/crti.o
LOAD c:/st/stm32cubeide_1.2.0/stm32cubeide/plugins/com.st.stm32cube.ide.mcu.externaltools.gnu-tools-for-stm32.7-2018-q2-update.win32_1.0.0.201904181610/tools/bin/../lib/gcc/arm-none-eabi/7.3.1/thumb/v7e-m/fpv5/hard/crtbegin.o
LOAD c:/st/stm32cubeide_1.2.0/stm32cubeide/plugins/com.st.stm32cube.ide.mcu.externaltools.gnu-tools-for-stm32.7-2018-q2-update.win32_1.0.0.201904181610/tools/bin/../lib/gcc/arm-none-eabi/7.3.1/../../../../arm-none-eabi/lib/thumb/v7e-m/fpv5/hard/crt0.o
LOAD Drivers/STM32H7xx_HAL_Driver/Src/stm32h7xx_hal.o
LOAD Drivers/STM32H7xx_HAL_Driver/Src/stm32h7xx_hal_cortex.o
LOAD Drivers/STM32H7xx_HAL_Driver/Src/stm32h7xx_hal_dma.o
LOAD Drivers/STM32H7xx_HAL_Driver/Src/stm32h7xx_hal_dma_ex.o
LOAD Drivers/STM32H7xx_HAL_Driver/Src/stm32h7xx_hal_exti.o
LOAD Drivers/STM32H7xx_HAL_Driver/Src/stm32h7xx_hal_flash.o
LOAD Drivers/STM32H7xx_HAL_Driver/Src/stm32h7xx_hal_flash_ex.o
LOAD Drivers/STM32H7xx_HAL_Driver/Src/stm32h7xx_hal_gpio.o
LOAD Drivers/STM32H7xx_HAL_Driver/Src/stm32h7xx_hal_hsem.o
LOAD Drivers/STM32H7xx_HAL_Driver/Src/stm32h7xx_hal_i2c.o
LOAD Drivers/STM32H7xx_HAL_Driver/Src/stm32h7xx_hal_i2c_ex.o
LOAD Drivers/STM32H7xx_HAL_Driver/Src/stm32h7xx_hal_mdma.o
LOAD Drivers/STM32H7xx_HAL_Driver/Src/stm32h7xx_hal_pwr.o
LOAD Drivers/STM32H7xx_HAL_Driver/Src/stm32h7xx_hal_pwr_ex.o
LOAD Drivers/STM32H7xx_HAL_Driver/Src/stm32h7xx_hal_qspi.o
LOAD Drivers/STM32H7xx_HAL_Driver/Src/stm32h7xx_hal_rcc.o
LOAD Drivers/STM32H7xx_HAL_Driver/Src/stm32h7xx_hal_rcc_ex.o
LOAD Drivers/STM32H7xx_HAL_Driver/Src/stm32h7xx_hal_tim.o
LOAD Drivers/STM32H7xx_HAL_Driver/Src/stm32h7xx_hal_tim_ex.o
LOAD Src/Dev_Inf.o
LOAD Src/Loader_Src.o
LOAD Src/main.o
LOAD Src/quadspi.o
LOAD Src/stm32h7xx_hal_msp.o
LOAD Src/stm32h7xx_it.o
LOAD Src/syscalls.o
LOAD Src/sysmem.o
LOAD Src/system_stm32h7xx.o
LOAD Startup/startup_stm32h750vbtx.o
START GROUP
LOAD c:/st/stm32cubeide_1.2.0/stm32cubeide/plugins/com.st.stm32cube.ide.mcu.externaltools.gnu-tools-for-stm32.7-2018-q2-update.win32_1.0.0.201904181610/tools/bin/../lib/gcc/arm-none-eabi/7.3.1/../../../../arm-none-eabi/lib/thumb/v7e-m/fpv5/hard\libc_nano.a
LOAD c:/st/stm32cubeide_1.2.0/stm32cubeide/plugins/com.st.stm32cube.ide.mcu.externaltools.gnu-tools-for-stm32.7-2018-q2-update.win32_1.0.0.201904181610/tools/bin/../lib/gcc/arm-none-eabi/7.3.1/../../../../arm-none-eabi/lib/thumb/v7e-m/fpv5/hard\libm.a
END GROUP
START GROUP
LOAD c:/st/stm32cubeide_1.2.0/stm32cubeide/plugins/com.st.stm32cube.ide.mcu.externaltools.gnu-tools-for-stm32.7-2018-q2-update.win32_1.0.0.201904181610/tools/bin/../lib/gcc/arm-none-eabi/7.3.1/thumb/v7e-m/fpv5/hard\libgcc.a
LOAD c:/st/stm32cubeide_1.2.0/stm32cubeide/plugins/com.st.stm32cube.ide.mcu.externaltools.gnu-tools-for-stm32.7-2018-q2-update.win32_1.0.0.201904181610/tools/bin/../lib/gcc/arm-none-eabi/7.3.1/../../../../arm-none-eabi/lib/thumb/v7e-m/fpv5/hard\libc_nano.a
END GROUP
START GROUP
LOAD c:/st/stm32cubeide_1.2.0/stm32cubeide/plugins/com.st.stm32cube.ide.mcu.externaltools.gnu-tools-for-stm32.7-2018-q2-update.win32_1.0.0.201904181610/tools/bin/../lib/gcc/arm-none-eabi/7.3.1/thumb/v7e-m/fpv5/hard\libgcc.a
LOAD c:/st/stm32cubeide_1.2.0/stm32cubeide/plugins/com.st.stm32cube.ide.mcu.externaltools.gnu-tools-for-stm32.7-2018-q2-update.win32_1.0.0.201904181610/tools/bin/../lib/gcc/arm-none-eabi/7.3.1/../../../../arm-none-eabi/lib/thumb/v7e-m/fpv5/hard\libc_nano.a
LOAD c:/st/stm32cubeide_1.2.0/stm32cubeide/plugins/com.st.stm32cube.ide.mcu.externaltools.gnu-tools-for-stm32.7-2018-q2-update.win32_1.0.0.201904181610/tools/bin/../lib/gcc/arm-none-eabi/7.3.1/../../../../arm-none-eabi/lib/thumb/v7e-m/fpv5/hard\libnosys.a
END GROUP
START GROUP
LOAD c:/st/stm32cubeide_1.2.0/stm32cubeide/plugins/com.st.stm32cube.ide.mcu.externaltools.gnu-tools-for-stm32.7-2018-q2-update.win32_1.0.0.201904181610/tools/bin/../lib/gcc/arm-none-eabi/7.3.1/thumb/v7e-m/fpv5/hard\libgcc.a
LOAD c:/st/stm32cubeide_1.2.0/stm32cubeide/plugins/com.st.stm32cube.ide.mcu.externaltools.gnu-tools-for-stm32.7-2018-q2-update.win32_1.0.0.201904181610/tools/bin/../lib/gcc/arm-none-eabi/7.3.1/../../../../arm-none-eabi/lib/thumb/v7e-m/fpv5/hard\libc_nano.a
LOAD c:/st/stm32cubeide_1.2.0/stm32cubeide/plugins/com.st.stm32cube.ide.mcu.externaltools.gnu-tools-for-stm32.7-2018-q2-update.win32_1.0.0.201904181610/tools/bin/../lib/gcc/arm-none-eabi/7.3.1/../../../../arm-none-eabi/lib/thumb/v7e-m/fpv5/hard\libnosys.a
END GROUP
LOAD c:/st/stm32cubeide_1.2.0/stm32cubeide/plugins/com.st.stm32cube.ide.mcu.externaltools.gnu-tools-for-stm32.7-2018-q2-update.win32_1.0.0.201904181610/tools/bin/../lib/gcc/arm-none-eabi/7.3.1/thumb/v7e-m/fpv5/hard/crtend.o
LOAD c:/st/stm32cubeide_1.2.0/stm32cubeide/plugins/com.st.stm32cube.ide.mcu.externaltools.gnu-tools-for-stm32.7-2018-q2-update.win32_1.0.0.201904181610/tools/bin/../lib/gcc/arm-none-eabi/7.3.1/thumb/v7e-m/fpv5/hard/crtn.o
                0x0000000024080004                _estack = (ORIGIN (RAM_D1) + LENGTH (RAM_D1))
                0x0000000000000400                _Min_Heap_Size = 0x400
                0x0000000000000600                _Min_Stack_Size = 0x600

.isr_vector     0x0000000024000004      0x494
                0x0000000024000200                . = (. + 0x1fc)
 *fill*         0x0000000024000004      0x1fc 
                0x0000000024000200                . = ALIGN (0x4)
 *(.isr_vector)
 .isr_vector    0x0000000024000200      0x298 Startup/startup_stm32h750vbtx.o
                0x0000000024000200                g_pfnVectors
                0x0000000024000498                . = ALIGN (0x4)

.ARM.extab      0x0000000024000498        0x0
 *(.ARM.extab* .gnu.linkonce.armextab.*)
 .ARM.extab     0x0000000024000498        0x0 c:/st/stm32cubeide_1.2.0/stm32cubeide/plugins/com.st.stm32cube.ide.mcu.externaltools.gnu-tools-for-stm32.7-2018-q2-update.win32_1.0.0.201904181610/tools/bin/../lib/gcc/arm-none-eabi/7.3.1/../../../../arm-none-eabi/lib/thumb/v7e-m/fpv5/hard/crt0.o

.ARM            0x0000000024000498        0x8
                0x0000000024000498                __exidx_start = .
 *(.ARM.exidx*)
 .ARM.exidx     0x0000000024000498        0x8 c:/st/stm32cubeide_1.2.0/stm32cubeide/plugins/com.st.stm32cube.ide.mcu.externaltools.gnu-tools-for-stm32.7-2018-q2-update.win32_1.0.0.201904181610/tools/bin/../lib/gcc/arm-none-eabi/7.3.1/../../../../arm-none-eabi/lib/thumb/v7e-m/fpv5/hard/crt0.o
                0x00000000240004a0                __exidx_end = .

.preinit_array  0x00000000240004a0        0x0
                0x00000000240004a0                PROVIDE (__preinit_array_start = .)
 *(.preinit_array*)
                0x00000000240004a0                PROVIDE (__preinit_array_end = .)

.init_array     0x00000000240004a0        0x4
                0x00000000240004a0                PROVIDE (__init_array_start = .)
 *(SORT_BY_NAME(.init_array.*))
 *(.init_array*)
 .init_array    0x00000000240004a0        0x4 c:/st/stm32cubeide_1.2.0/stm32cubeide/plugins/com.st.stm32cube.ide.mcu.externaltools.gnu-tools-for-stm32.7-2018-q2-update.win32_1.0.0.201904181610/tools/bin/../lib/gcc/arm-none-eabi/7.3.1/thumb/v7e-m/fpv5/hard/crtbegin.o
                0x00000000240004a4                PROVIDE (__init_array_end = .)

.fini_array     0x00000000240004a4        0x4
                [!provide]                        PROVIDE (__fini_array_start = .)
 *(SORT_BY_NAME(.fini_array.*))
 *(.fini_array*)
 .fini_array    0x00000000240004a4        0x4 c:/st/stm32cubeide_1.2.0/stm32cubeide/plugins/com.st.stm32cube.ide.mcu.externaltools.gnu-tools-for-stm32.7-2018-q2-update.win32_1.0.0.201904181610/tools/bin/../lib/gcc/arm-none-eabi/7.3.1/thumb/v7e-m/fpv5/hard/crtbegin.o
                [!provide]                        PROVIDE (__fini_array_end = .)
                0x00000000240004a8                _sidata = LOADADDR (.data)

.data           0x00000000240004a8       0x7c
                0x00000000240004a8                . = ALIGN (0x4)
                0x00000000240004a8                _sdata = .
 *(.data)
 .data          0x00000000240004a8        0x0 c:/st/stm32cubeide_1.2.0/stm32cubeide/plugins/com.st.stm32cube.ide.mcu.externaltools.gnu-tools-for-stm32.7-2018-q2-update.win32_1.0.0.201904181610/tools/bin/../lib/gcc/arm-none-eabi/7.3.1/thumb/v7e-m/fpv5/hard/crti.o
 .data          0x00000000240004a8        0x4 c:/st/stm32cubeide_1.2.0/stm32cubeide/plugins/com.st.stm32cube.ide.mcu.externaltools.gnu-tools-for-stm32.7-2018-q2-update.win32_1.0.0.201904181610/tools/bin/../lib/gcc/arm-none-eabi/7.3.1/thumb/v7e-m/fpv5/hard/crtbegin.o
                0x00000000240004a8                __dso_handle
 .data          0x00000000240004ac        0x0 c:/st/stm32cubeide_1.2.0/stm32cubeide/plugins/com.st.stm32cube.ide.mcu.externaltools.gnu-tools-for-stm32.7-2018-q2-update.win32_1.0.0.201904181610/tools/bin/../lib/gcc/arm-none-eabi/7.3.1/../../../../arm-none-eabi/lib/thumb/v7e-m/fpv5/hard/crt0.o
 .data          0x00000000240004ac        0x0 Drivers/STM32H7xx_HAL_Driver/Src/stm32h7xx_hal.o
 .data          0x00000000240004ac        0x0 Drivers/STM32H7xx_HAL_Driver/Src/stm32h7xx_hal_cortex.o
 .data          0x00000000240004ac        0x0 Drivers/STM32H7xx_HAL_Driver/Src/stm32h7xx_hal_dma.o
 .data          0x00000000240004ac        0x0 Drivers/STM32H7xx_HAL_Driver/Src/stm32h7xx_hal_dma_ex.o
 .data          0x00000000240004ac        0x0 Drivers/STM32H7xx_HAL_Driver/Src/stm32h7xx_hal_exti.o
 .data          0x00000000240004ac        0x0 Drivers/STM32H7xx_HAL_Driver/Src/stm32h7xx_hal_flash.o
 .data          0x00000000240004ac        0x0 Drivers/STM32H7xx_HAL_Driver/Src/stm32h7xx_hal_flash_ex.o
 .data          0x00000000240004ac        0x0 Drivers/STM32H7xx_HAL_Driver/Src/stm32h7xx_hal_gpio.o
 .data          0x00000000240004ac        0x0 Drivers/STM32H7xx_HAL_Driver/Src/stm32h7xx_hal_hsem.o
 .data          0x00000000240004ac        0x0 Drivers/STM32H7xx_HAL_Driver/Src/stm32h7xx_hal_i2c.o
 .data          0x00000000240004ac        0x0 Drivers/STM32H7xx_HAL_Driver/Src/stm32h7xx_hal_i2c_ex.o
 .data          0x00000000240004ac        0x0 Drivers/STM32H7xx_HAL_Driver/Src/stm32h7xx_hal_mdma.o
 .data          0x00000000240004ac        0x0 Drivers/STM32H7xx_HAL_Driver/Src/stm32h7xx_hal_pwr.o
 .data          0x00000000240004ac        0x0 Drivers/STM32H7xx_HAL_Driver/Src/stm32h7xx_hal_pwr_ex.o
 .data          0x00000000240004ac        0x0 Drivers/STM32H7xx_HAL_Driver/Src/stm32h7xx_hal_qspi.o
 .data          0x00000000240004ac        0x0 Drivers/STM32H7xx_HAL_Driver/Src/stm32h7xx_hal_rcc.o
 .data          0x00000000240004ac        0x0 Drivers/STM32H7xx_HAL_Driver/Src/stm32h7xx_hal_rcc_ex.o
 .data          0x00000000240004ac        0x0 Drivers/STM32H7xx_HAL_Driver/Src/stm32h7xx_hal_tim.o
 .data          0x00000000240004ac        0x0 Drivers/STM32H7xx_HAL_Driver/Src/stm32h7xx_hal_tim_ex.o
 .data          0x00000000240004ac        0x0 Src/Dev_Inf.o
 .data          0x00000000240004ac        0x0 Src/Loader_Src.o
 .data          0x00000000240004ac        0x0 Src/main.o
 .data          0x00000000240004ac        0x0 Src/quadspi.o
 .data          0x00000000240004ac        0x0 Src/stm32h7xx_hal_msp.o
 .data          0x00000000240004ac        0x0 Src/stm32h7xx_it.o
 .data          0x00000000240004ac        0x0 Src/syscalls.o
 .data          0x00000000240004ac        0x0 Src/sysmem.o
 .data          0x00000000240004ac        0x0 Src/system_stm32h7xx.o
 .data          0x00000000240004ac        0x0 Startup/startup_stm32h750vbtx.o
 .data          0x00000000240004ac        0x0 c:/st/stm32cubeide_1.2.0/stm32cubeide/plugins/com.st.stm32cube.ide.mcu.externaltools.gnu-tools-for-stm32.7-2018-q2-update.win32_1.0.0.201904181610/tools/bin/../lib/gcc/arm-none-eabi/7.3.1/../../../../arm-none-eabi/lib/thumb/v7e-m/fpv5/hard\libc_nano.a(lib_a-errno.o)
 .data          0x00000000240004ac        0x0 c:/st/stm32cubeide_1.2.0/stm32cubeide/plugins/com.st.stm32cube.ide.mcu.externaltools.gnu-tools-for-stm32.7-2018-q2-update.win32_1.0.0.201904181610/tools/bin/../lib/gcc/arm-none-eabi/7.3.1/../../../../arm-none-eabi/lib/thumb/v7e-m/fpv5/hard\libc_nano.a(lib_a-exit.o)
 .data          0x00000000240004ac        0x0 c:/st/stm32cubeide_1.2.0/stm32cubeide/plugins/com.st.stm32cube.ide.mcu.externaltools.gnu-tools-for-stm32.7-2018-q2-update.win32_1.0.0.201904181610/tools/bin/../lib/gcc/arm-none-eabi/7.3.1/../../../../arm-none-eabi/lib/thumb/v7e-m/fpv5/hard\libc_nano.a(lib_a-impure.o)
 .data          0x00000000240004ac        0x0 c:/st/stm32cubeide_1.2.0/stm32cubeide/plugins/com.st.stm32cube.ide.mcu.externaltools.gnu-tools-for-stm32.7-2018-q2-update.win32_1.0.0.201904181610/tools/bin/../lib/gcc/arm-none-eabi/7.3.1/../../../../arm-none-eabi/lib/thumb/v7e-m/fpv5/hard\libc_nano.a(lib_a-init.o)
 .data          0x00000000240004ac        0x0 c:/st/stm32cubeide_1.2.0/stm32cubeide/plugins/com.st.stm32cube.ide.mcu.externaltools.gnu-tools-for-stm32.7-2018-q2-update.win32_1.0.0.201904181610/tools/bin/../lib/gcc/arm-none-eabi/7.3.1/../../../../arm-none-eabi/lib/thumb/v7e-m/fpv5/hard\libc_nano.a(lib_a-memset.o)
 .data          0x00000000240004ac        0x0 c:/st/stm32cubeide_1.2.0/stm32cubeide/plugins/com.st.stm32cube.ide.mcu.externaltools.gnu-tools-for-stm32.7-2018-q2-update.win32_1.0.0.201904181610/tools/bin/../lib/gcc/arm-none-eabi/7.3.1/thumb/v7e-m/fpv5/hard/crtend.o
 .data          0x00000000240004ac        0x0 c:/st/stm32cubeide_1.2.0/stm32cubeide/plugins/com.st.stm32cube.ide.mcu.externaltools.gnu-tools-for-stm32.7-2018-q2-update.win32_1.0.0.201904181610/tools/bin/../lib/gcc/arm-none-eabi/7.3.1/thumb/v7e-m/fpv5/hard/crtn.o
 *(.data*)
 .data.uwTickPrio
                0x00000000240004ac        0x4 Drivers/STM32H7xx_HAL_Driver/Src/stm32h7xx_hal.o
                0x00000000240004ac                uwTickPrio
 .data.uwTickFreq
                0x00000000240004b0        0x1 Drivers/STM32H7xx_HAL_Driver/Src/stm32h7xx_hal.o
                0x00000000240004b0                uwTickFreq
 *fill*         0x00000000240004b1        0x3 
 .data.environ  0x00000000240004b4        0x4 Src/syscalls.o
                0x00000000240004b4                environ
 .data.SystemCoreClock
                0x00000000240004b8        0x4 Src/system_stm32h7xx.o
                0x00000000240004b8                SystemCoreClock
 .data.SystemD2Clock
                0x00000000240004bc        0x4 Src/system_stm32h7xx.o
                0x00000000240004bc                SystemD2Clock
 .data._impure_ptr
                0x00000000240004c0        0x4 c:/st/stm32cubeide_1.2.0/stm32cubeide/plugins/com.st.stm32cube.ide.mcu.externaltools.gnu-tools-for-stm32.7-2018-q2-update.win32_1.0.0.201904181610/tools/bin/../lib/gcc/arm-none-eabi/7.3.1/../../../../arm-none-eabi/lib/thumb/v7e-m/fpv5/hard\libc_nano.a(lib_a-impure.o)
                0x00000000240004c0                _impure_ptr
 .data.impure_data
                0x00000000240004c4       0x60 c:/st/stm32cubeide_1.2.0/stm32cubeide/plugins/com.st.stm32cube.ide.mcu.externaltools.gnu-tools-for-stm32.7-2018-q2-update.win32_1.0.0.201904181610/tools/bin/../lib/gcc/arm-none-eabi/7.3.1/../../../../arm-none-eabi/lib/thumb/v7e-m/fpv5/hard\libc_nano.a(lib_a-impure.o)
                0x0000000024000524                . = ALIGN (0x4)
                0x0000000024000524                _edata = .

.igot.plt       0x0000000024000524        0x0
 .igot.plt      0x0000000024000524        0x0 c:/st/stm32cubeide_1.2.0/stm32cubeide/plugins/com.st.stm32cube.ide.mcu.externaltools.gnu-tools-for-stm32.7-2018-q2-update.win32_1.0.0.201904181610/tools/bin/../lib/gcc/arm-none-eabi/7.3.1/thumb/v7e-m/fpv5/hard/crtbegin.o
                0x0000000024000524                . = ALIGN (0x4)

.bss            0x0000000024000524       0x90
                0x0000000024000524                _sbss = .
                0x0000000024000524                __bss_start__ = _sbss
 *(.bss)
 .bss           0x0000000024000524        0x0 c:/st/stm32cubeide_1.2.0/stm32cubeide/plugins/com.st.stm32cube.ide.mcu.externaltools.gnu-tools-for-stm32.7-2018-q2-update.win32_1.0.0.201904181610/tools/bin/../lib/gcc/arm-none-eabi/7.3.1/thumb/v7e-m/fpv5/hard/crti.o
 .bss           0x0000000024000524       0x1c c:/st/stm32cubeide_1.2.0/stm32cubeide/plugins/com.st.stm32cube.ide.mcu.externaltools.gnu-tools-for-stm32.7-2018-q2-update.win32_1.0.0.201904181610/tools/bin/../lib/gcc/arm-none-eabi/7.3.1/thumb/v7e-m/fpv5/hard/crtbegin.o
 .bss           0x0000000024000540        0x0 c:/st/stm32cubeide_1.2.0/stm32cubeide/plugins/com.st.stm32cube.ide.mcu.externaltools.gnu-tools-for-stm32.7-2018-q2-update.win32_1.0.0.201904181610/tools/bin/../lib/gcc/arm-none-eabi/7.3.1/../../../../arm-none-eabi/lib/thumb/v7e-m/fpv5/hard/crt0.o
 .bss           0x0000000024000540        0x0 Drivers/STM32H7xx_HAL_Driver/Src/stm32h7xx_hal.o
 .bss           0x0000000024000540        0x0 Drivers/STM32H7xx_HAL_Driver/Src/stm32h7xx_hal_cortex.o
 .bss           0x0000000024000540        0x0 Drivers/STM32H7xx_HAL_Driver/Src/stm32h7xx_hal_dma.o
 .bss           0x0000000024000540        0x0 Drivers/STM32H7xx_HAL_Driver/Src/stm32h7xx_hal_dma_ex.o
 .bss           0x0000000024000540        0x0 Drivers/STM32H7xx_HAL_Driver/Src/stm32h7xx_hal_exti.o
 .bss           0x0000000024000540        0x0 Drivers/STM32H7xx_HAL_Driver/Src/stm32h7xx_hal_flash.o
 .bss           0x0000000024000540        0x0 Drivers/STM32H7xx_HAL_Driver/Src/stm32h7xx_hal_flash_ex.o
 .bss           0x0000000024000540        0x0 Drivers/STM32H7xx_HAL_Driver/Src/stm32h7xx_hal_gpio.o
 .bss           0x0000000024000540        0x0 Drivers/STM32H7xx_HAL_Driver/Src/stm32h7xx_hal_hsem.o
 .bss           0x0000000024000540        0x0 Drivers/STM32H7xx_HAL_Driver/Src/stm32h7xx_hal_i2c.o
 .bss           0x0000000024000540        0x0 Drivers/STM32H7xx_HAL_Driver/Src/stm32h7xx_hal_i2c_ex.o
 .bss           0x0000000024000540        0x0 Drivers/STM32H7xx_HAL_Driver/Src/stm32h7xx_hal_mdma.o
 .bss           0x0000000024000540        0x0 Drivers/STM32H7xx_HAL_Driver/Src/stm32h7xx_hal_pwr.o
 .bss           0x0000000024000540        0x0 Drivers/STM32H7xx_HAL_Driver/Src/stm32h7xx_hal_pwr_ex.o
 .bss           0x0000000024000540        0x0 Drivers/STM32H7xx_HAL_Driver/Src/stm32h7xx_hal_qspi.o
 .bss           0x0000000024000540        0x0 Drivers/STM32H7xx_HAL_Driver/Src/stm32h7xx_hal_rcc.o
 .bss           0x0000000024000540        0x0 Drivers/STM32H7xx_HAL_Driver/Src/stm32h7xx_hal_rcc_ex.o
 .bss           0x0000000024000540        0x0 Drivers/STM32H7xx_HAL_Driver/Src/stm32h7xx_hal_tim.o
 .bss           0x0000000024000540        0x0 Drivers/STM32H7xx_HAL_Driver/Src/stm32h7xx_hal_tim_ex.o
 .bss           0x0000000024000540        0x0 Src/Dev_Inf.o
 .bss           0x0000000024000540        0x0 Src/Loader_Src.o
 .bss           0x0000000024000540        0x0 Src/main.o
 .bss           0x0000000024000540        0x0 Src/quadspi.o
 .bss           0x0000000024000540        0x0 Src/stm32h7xx_hal_msp.o
 .bss           0x0000000024000540        0x0 Src/stm32h7xx_it.o
 .bss           0x0000000024000540        0x0 Src/syscalls.o
 .bss           0x0000000024000540        0x0 Src/sysmem.o
 .bss           0x0000000024000540        0x0 Src/system_stm32h7xx.o
 .bss           0x0000000024000540        0x0 Startup/startup_stm32h750vbtx.o
 .bss           0x0000000024000540        0x0 c:/st/stm32cubeide_1.2.0/stm32cubeide/plugins/com.st.stm32cube.ide.mcu.externaltools.gnu-tools-for-stm32.7-2018-q2-update.win32_1.0.0.201904181610/tools/bin/../lib/gcc/arm-none-eabi/7.3.1/../../../../arm-none-eabi/lib/thumb/v7e-m/fpv5/hard\libc_nano.a(lib_a-errno.o)
 .bss           0x0000000024000540        0x0 c:/st/stm32cubeide_1.2.0/stm32cubeide/plugins/com.st.stm32cube.ide.mcu.externaltools.gnu-tools-for-stm32.7-2018-q2-update.win32_1.0.0.201904181610/tools/bin/../lib/gcc/arm-none-eabi/7.3.1/../../../../arm-none-eabi/lib/thumb/v7e-m/fpv5/hard\libc_nano.a(lib_a-exit.o)
 .bss           0x0000000024000540        0x0 c:/st/stm32cubeide_1.2.0/stm32cubeide/plugins/com.st.stm32cube.ide.mcu.externaltools.gnu-tools-for-stm32.7-2018-q2-update.win32_1.0.0.201904181610/tools/bin/../lib/gcc/arm-none-eabi/7.3.1/../../../../arm-none-eabi/lib/thumb/v7e-m/fpv5/hard\libc_nano.a(lib_a-impure.o)
 .bss           0x0000000024000540        0x0 c:/st/stm32cubeide_1.2.0/stm32cubeide/plugins/com.st.stm32cube.ide.mcu.externaltools.gnu-tools-for-stm32.7-2018-q2-update.win32_1.0.0.201904181610/tools/bin/../lib/gcc/arm-none-eabi/7.3.1/../../../../arm-none-eabi/lib/thumb/v7e-m/fpv5/hard\libc_nano.a(lib_a-init.o)
 .bss           0x0000000024000540        0x0 c:/st/stm32cubeide_1.2.0/stm32cubeide/plugins/com.st.stm32cube.ide.mcu.externaltools.gnu-tools-for-stm32.7-2018-q2-update.win32_1.0.0.201904181610/tools/bin/../lib/gcc/arm-none-eabi/7.3.1/../../../../arm-none-eabi/lib/thumb/v7e-m/fpv5/hard\libc_nano.a(lib_a-memset.o)
 .bss           0x0000000024000540        0x0 c:/st/stm32cubeide_1.2.0/stm32cubeide/plugins/com.st.stm32cube.ide.mcu.externaltools.gnu-tools-for-stm32.7-2018-q2-update.win32_1.0.0.201904181610/tools/bin/../lib/gcc/arm-none-eabi/7.3.1/thumb/v7e-m/fpv5/hard/crtend.o
 .bss           0x0000000024000540        0x0 c:/st/stm32cubeide_1.2.0/stm32cubeide/plugins/com.st.stm32cube.ide.mcu.externaltools.gnu-tools-for-stm32.7-2018-q2-update.win32_1.0.0.201904181610/tools/bin/../lib/gcc/arm-none-eabi/7.3.1/thumb/v7e-m/fpv5/hard/crtn.o
 *(.bss*)
 .bss.__env     0x0000000024000540        0x4 Src/syscalls.o
                0x0000000024000540                __env
 .bss.heap_end.6424
                0x0000000024000544        0x4 Src/sysmem.o
 *(COMMON)
 COMMON         0x0000000024000548        0x4 Drivers/STM32H7xx_HAL_Driver/Src/stm32h7xx_hal.o
                0x0000000024000548                uwTick
 COMMON         0x000000002400054c       0x1c Drivers/STM32H7xx_HAL_Driver/Src/stm32h7xx_hal_flash.o
                0x000000002400054c                pFlash
 COMMON         0x0000000024000568       0x4c Src/quadspi.o
                0x0000000024000568                hqspi
                0x00000000240005b4                . = ALIGN (0x4)
                0x00000000240005b4                _ebss = .
                0x00000000240005b4                __bss_end__ = _ebss

.text           0x00000000240005b4    0x164ec
                0x00000000240005b4                . = ALIGN (0x4)
 *(.text)
 .text          0x00000000240005b4        0x0 c:/st/stm32cubeide_1.2.0/stm32cubeide/plugins/com.st.stm32cube.ide.mcu.externaltools.gnu-tools-for-stm32.7-2018-q2-update.win32_1.0.0.201904181610/tools/bin/../lib/gcc/arm-none-eabi/7.3.1/thumb/v7e-m/fpv5/hard/crti.o
 .text          0x00000000240005b4       0x40 c:/st/stm32cubeide_1.2.0/stm32cubeide/plugins/com.st.stm32cube.ide.mcu.externaltools.gnu-tools-for-stm32.7-2018-q2-update.win32_1.0.0.201904181610/tools/bin/../lib/gcc/arm-none-eabi/7.3.1/thumb/v7e-m/fpv5/hard/crtbegin.o
 .text          0x00000000240005f4       0x74 c:/st/stm32cubeide_1.2.0/stm32cubeide/plugins/com.st.stm32cube.ide.mcu.externaltools.gnu-tools-for-stm32.7-2018-q2-update.win32_1.0.0.201904181610/tools/bin/../lib/gcc/arm-none-eabi/7.3.1/../../../../arm-none-eabi/lib/thumb/v7e-m/fpv5/hard/crt0.o
                0x00000000240005f4                _start
                0x00000000240005f4                _mainCRTStartup
 .text          0x0000000024000668        0x0 Drivers/STM32H7xx_HAL_Driver/Src/stm32h7xx_hal.o
 .text          0x0000000024000668        0x0 Drivers/STM32H7xx_HAL_Driver/Src/stm32h7xx_hal_cortex.o
 .text          0x0000000024000668        0x0 Drivers/STM32H7xx_HAL_Driver/Src/stm32h7xx_hal_dma.o
 .text          0x0000000024000668        0x0 Drivers/STM32H7xx_HAL_Driver/Src/stm32h7xx_hal_dma_ex.o
 .text          0x0000000024000668        0x0 Drivers/STM32H7xx_HAL_Driver/Src/stm32h7xx_hal_exti.o
 .text          0x0000000024000668        0x0 Drivers/STM32H7xx_HAL_Driver/Src/stm32h7xx_hal_flash.o
 .text          0x0000000024000668        0x0 Drivers/STM32H7xx_HAL_Driver/Src/stm32h7xx_hal_flash_ex.o
 .text          0x0000000024000668        0x0 Drivers/STM32H7xx_HAL_Driver/Src/stm32h7xx_hal_gpio.o
 .text          0x0000000024000668        0x0 Drivers/STM32H7xx_HAL_Driver/Src/stm32h7xx_hal_hsem.o
 .text          0x0000000024000668        0x0 Drivers/STM32H7xx_HAL_Driver/Src/stm32h7xx_hal_i2c.o
 .text          0x0000000024000668        0x0 Drivers/STM32H7xx_HAL_Driver/Src/stm32h7xx_hal_i2c_ex.o
 .text          0x0000000024000668        0x0 Drivers/STM32H7xx_HAL_Driver/Src/stm32h7xx_hal_mdma.o
 .text          0x0000000024000668        0x0 Drivers/STM32H7xx_HAL_Driver/Src/stm32h7xx_hal_pwr.o
 .text          0x0000000024000668        0x0 Drivers/STM32H7xx_HAL_Driver/Src/stm32h7xx_hal_pwr_ex.o
 .text          0x0000000024000668        0x0 Drivers/STM32H7xx_HAL_Driver/Src/stm32h7xx_hal_qspi.o
 .text          0x0000000024000668        0x0 Drivers/STM32H7xx_HAL_Driver/Src/stm32h7xx_hal_rcc.o
 .text          0x0000000024000668        0x0 Drivers/STM32H7xx_HAL_Driver/Src/stm32h7xx_hal_rcc_ex.o
 .text          0x0000000024000668        0x0 Drivers/STM32H7xx_HAL_Driver/Src/stm32h7xx_hal_tim.o
 .text          0x0000000024000668        0x0 Drivers/STM32H7xx_HAL_Driver/Src/stm32h7xx_hal_tim_ex.o
 .text          0x0000000024000668        0x0 Src/Dev_Inf.o
 .text          0x0000000024000668        0x0 Src/Loader_Src.o
 .text          0x0000000024000668        0x0 Src/main.o
 .text          0x0000000024000668        0x0 Src/quadspi.o
 .text          0x0000000024000668        0x0 Src/stm32h7xx_hal_msp.o
 .text          0x0000000024000668        0x0 Src/stm32h7xx_it.o
 .text          0x0000000024000668        0x0 Src/syscalls.o
 .text          0x0000000024000668        0x0 Src/sysmem.o
 .text          0x0000000024000668        0x0 Src/system_stm32h7xx.o
 .text          0x0000000024000668       0x14 Startup/startup_stm32h750vbtx.o
 .text          0x000000002400067c        0x0 c:/st/stm32cubeide_1.2.0/stm32cubeide/plugins/com.st.stm32cube.ide.mcu.externaltools.gnu-tools-for-stm32.7-2018-q2-update.win32_1.0.0.201904181610/tools/bin/../lib/gcc/arm-none-eabi/7.3.1/../../../../arm-none-eabi/lib/thumb/v7e-m/fpv5/hard\libc_nano.a(lib_a-errno.o)
 .text          0x000000002400067c        0x0 c:/st/stm32cubeide_1.2.0/stm32cubeide/plugins/com.st.stm32cube.ide.mcu.externaltools.gnu-tools-for-stm32.7-2018-q2-update.win32_1.0.0.201904181610/tools/bin/../lib/gcc/arm-none-eabi/7.3.1/../../../../arm-none-eabi/lib/thumb/v7e-m/fpv5/hard\libc_nano.a(lib_a-exit.o)
 .text          0x000000002400067c        0x0 c:/st/stm32cubeide_1.2.0/stm32cubeide/plugins/com.st.stm32cube.ide.mcu.externaltools.gnu-tools-for-stm32.7-2018-q2-update.win32_1.0.0.201904181610/tools/bin/../lib/gcc/arm-none-eabi/7.3.1/../../../../arm-none-eabi/lib/thumb/v7e-m/fpv5/hard\libc_nano.a(lib_a-impure.o)
 .text          0x000000002400067c        0x0 c:/st/stm32cubeide_1.2.0/stm32cubeide/plugins/com.st.stm32cube.ide.mcu.externaltools.gnu-tools-for-stm32.7-2018-q2-update.win32_1.0.0.201904181610/tools/bin/../lib/gcc/arm-none-eabi/7.3.1/../../../../arm-none-eabi/lib/thumb/v7e-m/fpv5/hard\libc_nano.a(lib_a-init.o)
 .text          0x000000002400067c        0x0 c:/st/stm32cubeide_1.2.0/stm32cubeide/plugins/com.st.stm32cube.ide.mcu.externaltools.gnu-tools-for-stm32.7-2018-q2-update.win32_1.0.0.201904181610/tools/bin/../lib/gcc/arm-none-eabi/7.3.1/../../../../arm-none-eabi/lib/thumb/v7e-m/fpv5/hard\libc_nano.a(lib_a-memset.o)
 .text          0x000000002400067c        0x0 c:/st/stm32cubeide_1.2.0/stm32cubeide/plugins/com.st.stm32cube.ide.mcu.externaltools.gnu-tools-for-stm32.7-2018-q2-update.win32_1.0.0.201904181610/tools/bin/../lib/gcc/arm-none-eabi/7.3.1/thumb/v7e-m/fpv5/hard/crtend.o
 .text          0x000000002400067c        0x0 c:/st/stm32cubeide_1.2.0/stm32cubeide/plugins/com.st.stm32cube.ide.mcu.externaltools.gnu-tools-for-stm32.7-2018-q2-update.win32_1.0.0.201904181610/tools/bin/../lib/gcc/arm-none-eabi/7.3.1/thumb/v7e-m/fpv5/hard/crtn.o
 *(.text*)
 .text.HAL_Init
                0x000000002400067c       0x78 Drivers/STM32H7xx_HAL_Driver/Src/stm32h7xx_hal.o
                0x000000002400067c                HAL_Init
 .text.HAL_DeInit
                0x00000000240006f4       0xb0 Drivers/STM32H7xx_HAL_Driver/Src/stm32h7xx_hal.o
                0x00000000240006f4                HAL_DeInit
 .text.HAL_MspInit
                0x00000000240007a4        0xe Drivers/STM32H7xx_HAL_Driver/Src/stm32h7xx_hal.o
 .text.HAL_MspDeInit
                0x00000000240007b2        0xe Drivers/STM32H7xx_HAL_Driver/Src/stm32h7xx_hal.o
                0x00000000240007b2                HAL_MspDeInit
 .text.HAL_InitTick
                0x00000000240007c0       0x6c Drivers/STM32H7xx_HAL_Driver/Src/stm32h7xx_hal.o
                0x00000000240007c0                HAL_InitTick
 .text.HAL_IncTick
                0x000000002400082c       0x28 Drivers/STM32H7xx_HAL_Driver/Src/stm32h7xx_hal.o
                0x000000002400082c                HAL_IncTick
 .text.HAL_GetTick
                0x0000000024000854       0x18 Drivers/STM32H7xx_HAL_Driver/Src/stm32h7xx_hal.o
                0x0000000024000854                HAL_GetTick
 .text.HAL_GetTickPrio
                0x000000002400086c       0x18 Drivers/STM32H7xx_HAL_Driver/Src/stm32h7xx_hal.o
                0x000000002400086c                HAL_GetTickPrio
 .text.HAL_SetTickFreq
                0x0000000024000884       0x50 Drivers/STM32H7xx_HAL_Driver/Src/stm32h7xx_hal.o
                0x0000000024000884                HAL_SetTickFreq
 .text.HAL_GetTickFreq
                0x00000000240008d4       0x18 Drivers/STM32H7xx_HAL_Driver/Src/stm32h7xx_hal.o
                0x00000000240008d4                HAL_GetTickFreq
 .text.HAL_Delay
                0x00000000240008ec       0x44 Drivers/STM32H7xx_HAL_Driver/Src/stm32h7xx_hal.o
                0x00000000240008ec                HAL_Delay
 .text.HAL_SuspendTick
                0x0000000024000930       0x20 Drivers/STM32H7xx_HAL_Driver/Src/stm32h7xx_hal.o
                0x0000000024000930                HAL_SuspendTick
 .text.HAL_ResumeTick
                0x0000000024000950       0x20 Drivers/STM32H7xx_HAL_Driver/Src/stm32h7xx_hal.o
                0x0000000024000950                HAL_ResumeTick
 .text.HAL_GetHalVersion
                0x0000000024000970       0x12 Drivers/STM32H7xx_HAL_Driver/Src/stm32h7xx_hal.o
                0x0000000024000970                HAL_GetHalVersion
 *fill*         0x0000000024000982        0x2 
 .text.HAL_GetREVID
                0x0000000024000984       0x18 Drivers/STM32H7xx_HAL_Driver/Src/stm32h7xx_hal.o
                0x0000000024000984                HAL_GetREVID
 .text.HAL_GetDEVID
                0x000000002400099c       0x1c Drivers/STM32H7xx_HAL_Driver/Src/stm32h7xx_hal.o
                0x000000002400099c                HAL_GetDEVID
 .text.HAL_GetUIDw0
                0x00000000240009b8       0x18 Drivers/STM32H7xx_HAL_Driver/Src/stm32h7xx_hal.o
                0x00000000240009b8                HAL_GetUIDw0
 .text.HAL_GetUIDw1
                0x00000000240009d0       0x18 Drivers/STM32H7xx_HAL_Driver/Src/stm32h7xx_hal.o
                0x00000000240009d0                HAL_GetUIDw1
 .text.HAL_GetUIDw2
                0x00000000240009e8       0x18 Drivers/STM32H7xx_HAL_Driver/Src/stm32h7xx_hal.o
                0x00000000240009e8                HAL_GetUIDw2
 .text.HAL_SYSCFG_VREFBUF_VoltageScalingConfig
                0x0000000024000a00       0x28 Drivers/STM32H7xx_HAL_Driver/Src/stm32h7xx_hal.o
                0x0000000024000a00                HAL_SYSCFG_VREFBUF_VoltageScalingConfig
 .text.HAL_SYSCFG_VREFBUF_HighImpedanceConfig
                0x0000000024000a28       0x28 Drivers/STM32H7xx_HAL_Driver/Src/stm32h7xx_hal.o
                0x0000000024000a28                HAL_SYSCFG_VREFBUF_HighImpedanceConfig
 .text.HAL_SYSCFG_VREFBUF_TrimmingConfig
                0x0000000024000a50       0x28 Drivers/STM32H7xx_HAL_Driver/Src/stm32h7xx_hal.o
                0x0000000024000a50                HAL_SYSCFG_VREFBUF_TrimmingConfig
 .text.HAL_SYSCFG_EnableVREFBUF
                0x0000000024000a78       0x48 Drivers/STM32H7xx_HAL_Driver/Src/stm32h7xx_hal.o
                0x0000000024000a78                HAL_SYSCFG_EnableVREFBUF
 .text.HAL_SYSCFG_DisableVREFBUF
                0x0000000024000ac0       0x20 Drivers/STM32H7xx_HAL_Driver/Src/stm32h7xx_hal.o
                0x0000000024000ac0                HAL_SYSCFG_DisableVREFBUF
 .text.HAL_SYSCFG_ETHInterfaceSelect
                0x0000000024000ae0       0x28 Drivers/STM32H7xx_HAL_Driver/Src/stm32h7xx_hal.o
                0x0000000024000ae0                HAL_SYSCFG_ETHInterfaceSelect
 .text.HAL_SYSCFG_AnalogSwitchConfig
                0x0000000024000b08       0x2c Drivers/STM32H7xx_HAL_Driver/Src/stm32h7xx_hal.o
                0x0000000024000b08                HAL_SYSCFG_AnalogSwitchConfig
 .text.HAL_SYSCFG_EnableBOOST
                0x0000000024000b34       0x20 Drivers/STM32H7xx_HAL_Driver/Src/stm32h7xx_hal.o
                0x0000000024000b34                HAL_SYSCFG_EnableBOOST
 .text.HAL_SYSCFG_DisableBOOST
                0x0000000024000b54       0x20 Drivers/STM32H7xx_HAL_Driver/Src/stm32h7xx_hal.o
                0x0000000024000b54                HAL_SYSCFG_DisableBOOST
 .text.HAL_SYSCFG_CM7BootAddConfig
                0x0000000024000b74       0x54 Drivers/STM32H7xx_HAL_Driver/Src/stm32h7xx_hal.o
                0x0000000024000b74                HAL_SYSCFG_CM7BootAddConfig
 .text.HAL_EnableCompensationCell
                0x0000000024000bc8       0x20 Drivers/STM32H7xx_HAL_Driver/Src/stm32h7xx_hal.o
                0x0000000024000bc8                HAL_EnableCompensationCell
 .text.HAL_DisableCompensationCell
                0x0000000024000be8       0x20 Drivers/STM32H7xx_HAL_Driver/Src/stm32h7xx_hal.o
                0x0000000024000be8                HAL_DisableCompensationCell
 .text.HAL_SYSCFG_EnableIOSpeedOptimize
                0x0000000024000c08       0x20 Drivers/STM32H7xx_HAL_Driver/Src/stm32h7xx_hal.o
                0x0000000024000c08                HAL_SYSCFG_EnableIOSpeedOptimize
 .text.HAL_SYSCFG_DisableIOSpeedOptimize
                0x0000000024000c28       0x20 Drivers/STM32H7xx_HAL_Driver/Src/stm32h7xx_hal.o
                0x0000000024000c28                HAL_SYSCFG_DisableIOSpeedOptimize
 .text.HAL_SYSCFG_CompensationCodeSelect
                0x0000000024000c48       0x28 Drivers/STM32H7xx_HAL_Driver/Src/stm32h7xx_hal.o
                0x0000000024000c48                HAL_SYSCFG_CompensationCodeSelect
 .text.HAL_SYSCFG_CompensationCodeConfig
                0x0000000024000c70       0x30 Drivers/STM32H7xx_HAL_Driver/Src/stm32h7xx_hal.o
                0x0000000024000c70                HAL_SYSCFG_CompensationCodeConfig
 .text.HAL_DBGMCU_EnableDBGSleepMode
                0x0000000024000ca0       0x20 Drivers/STM32H7xx_HAL_Driver/Src/stm32h7xx_hal.o
                0x0000000024000ca0                HAL_DBGMCU_EnableDBGSleepMode
 .text.HAL_DBGMCU_DisableDBGSleepMode
                0x0000000024000cc0       0x20 Drivers/STM32H7xx_HAL_Driver/Src/stm32h7xx_hal.o
                0x0000000024000cc0                HAL_DBGMCU_DisableDBGSleepMode
 .text.HAL_DBGMCU_EnableDBGStopMode
                0x0000000024000ce0       0x20 Drivers/STM32H7xx_HAL_Driver/Src/stm32h7xx_hal.o
                0x0000000024000ce0                HAL_DBGMCU_EnableDBGStopMode
 .text.HAL_DBGMCU_DisableDBGStopMode
                0x0000000024000d00       0x20 Drivers/STM32H7xx_HAL_Driver/Src/stm32h7xx_hal.o
                0x0000000024000d00                HAL_DBGMCU_DisableDBGStopMode
 .text.HAL_DBGMCU_EnableDBGStandbyMode
                0x0000000024000d20       0x20 Drivers/STM32H7xx_HAL_Driver/Src/stm32h7xx_hal.o
                0x0000000024000d20                HAL_DBGMCU_EnableDBGStandbyMode
 .text.HAL_DBGMCU_DisableDBGStandbyMode
                0x0000000024000d40       0x20 Drivers/STM32H7xx_HAL_Driver/Src/stm32h7xx_hal.o
                0x0000000024000d40                HAL_DBGMCU_DisableDBGStandbyMode
 .text.HAL_EnableDomain3DBGStopMode
                0x0000000024000d60       0x20 Drivers/STM32H7xx_HAL_Driver/Src/stm32h7xx_hal.o
                0x0000000024000d60                HAL_EnableDomain3DBGStopMode
 .text.HAL_DisableDomain3DBGStopMode
                0x0000000024000d80       0x20 Drivers/STM32H7xx_HAL_Driver/Src/stm32h7xx_hal.o
                0x0000000024000d80                HAL_DisableDomain3DBGStopMode
 .text.HAL_EnableDomain3DBGStandbyMode
                0x0000000024000da0       0x20 Drivers/STM32H7xx_HAL_Driver/Src/stm32h7xx_hal.o
                0x0000000024000da0                HAL_EnableDomain3DBGStandbyMode
 .text.HAL_DisableDomain3DBGStandbyMode
                0x0000000024000dc0       0x20 Drivers/STM32H7xx_HAL_Driver/Src/stm32h7xx_hal.o
                0x0000000024000dc0                HAL_DisableDomain3DBGStandbyMode
 .text.HAL_SetFMCMemorySwappingConfig
                0x0000000024000de0       0x28 Drivers/STM32H7xx_HAL_Driver/Src/stm32h7xx_hal.o
                0x0000000024000de0                HAL_SetFMCMemorySwappingConfig
 .text.HAL_GetFMCMemorySwappingConfig
                0x0000000024000e08       0x1c Drivers/STM32H7xx_HAL_Driver/Src/stm32h7xx_hal.o
                0x0000000024000e08                HAL_GetFMCMemorySwappingConfig
 .text.HAL_EXTI_EdgeConfig
                0x0000000024000e24       0xd0 Drivers/STM32H7xx_HAL_Driver/Src/stm32h7xx_hal.o
                0x0000000024000e24                HAL_EXTI_EdgeConfig
 .text.HAL_EXTI_GenerateSWInterrupt
                0x0000000024000ef4       0x40 Drivers/STM32H7xx_HAL_Driver/Src/stm32h7xx_hal.o
                0x0000000024000ef4                HAL_EXTI_GenerateSWInterrupt
 .text.HAL_EXTI_D1_ClearFlag
                0x0000000024000f34       0x30 Drivers/STM32H7xx_HAL_Driver/Src/stm32h7xx_hal.o
                0x0000000024000f34                HAL_EXTI_D1_ClearFlag
 .text.HAL_EXTI_D1_EventInputConfig
                0x0000000024000f64       0xec Drivers/STM32H7xx_HAL_Driver/Src/stm32h7xx_hal.o
                0x0000000024000f64                HAL_EXTI_D1_EventInputConfig
 .text.HAL_EXTI_D3_EventInputConfig
                0x0000000024001050       0xd0 Drivers/STM32H7xx_HAL_Driver/Src/stm32h7xx_hal.o
                0x0000000024001050                HAL_EXTI_D3_EventInputConfig
 .text.__NVIC_SetPriorityGrouping
                0x0000000024001120       0x48 Drivers/STM32H7xx_HAL_Driver/Src/stm32h7xx_hal_cortex.o
 .text.__NVIC_GetPriorityGrouping
                0x0000000024001168       0x1c Drivers/STM32H7xx_HAL_Driver/Src/stm32h7xx_hal_cortex.o
 .text.__NVIC_EnableIRQ
                0x0000000024001184       0x3c Drivers/STM32H7xx_HAL_Driver/Src/stm32h7xx_hal_cortex.o
 .text.__NVIC_DisableIRQ
                0x00000000240011c0       0x44 Drivers/STM32H7xx_HAL_Driver/Src/stm32h7xx_hal_cortex.o
 .text.__NVIC_GetPendingIRQ
                0x0000000024001204       0x44 Drivers/STM32H7xx_HAL_Driver/Src/stm32h7xx_hal_cortex.o
 .text.__NVIC_SetPendingIRQ
                0x0000000024001248       0x3c Drivers/STM32H7xx_HAL_Driver/Src/stm32h7xx_hal_cortex.o
 .text.__NVIC_ClearPendingIRQ
                0x0000000024001284       0x3c Drivers/STM32H7xx_HAL_Driver/Src/stm32h7xx_hal_cortex.o
 .text.__NVIC_GetActive
                0x00000000240012c0       0x44 Drivers/STM32H7xx_HAL_Driver/Src/stm32h7xx_hal_cortex.o
 .text.__NVIC_SetPriority
                0x0000000024001304       0x54 Drivers/STM32H7xx_HAL_Driver/Src/stm32h7xx_hal_cortex.o
 .text.__NVIC_GetPriority
                0x0000000024001358       0x50 Drivers/STM32H7xx_HAL_Driver/Src/stm32h7xx_hal_cortex.o
 .text.NVIC_EncodePriority
                0x00000000240013a8       0x66 Drivers/STM32H7xx_HAL_Driver/Src/stm32h7xx_hal_cortex.o
 .text.NVIC_DecodePriority
                0x000000002400140e       0x6e Drivers/STM32H7xx_HAL_Driver/Src/stm32h7xx_hal_cortex.o
 .text.__NVIC_SystemReset
                0x000000002400147c       0x28 Drivers/STM32H7xx_HAL_Driver/Src/stm32h7xx_hal_cortex.o
 .text.SysTick_Config
                0x00000000240014a4       0x44 Drivers/STM32H7xx_HAL_Driver/Src/stm32h7xx_hal_cortex.o
 .text.HAL_NVIC_SetPriorityGrouping
                0x00000000240014e8       0x16 Drivers/STM32H7xx_HAL_Driver/Src/stm32h7xx_hal_cortex.o
                0x00000000240014e8                HAL_NVIC_SetPriorityGrouping
 .text.HAL_NVIC_SetPriority
                0x00000000240014fe       0x34 Drivers/STM32H7xx_HAL_Driver/Src/stm32h7xx_hal_cortex.o
                0x00000000240014fe                HAL_NVIC_SetPriority
 .text.HAL_NVIC_EnableIRQ
                0x0000000024001532       0x1c Drivers/STM32H7xx_HAL_Driver/Src/stm32h7xx_hal_cortex.o
                0x0000000024001532                HAL_NVIC_EnableIRQ
 .text.HAL_NVIC_DisableIRQ
                0x000000002400154e       0x1c Drivers/STM32H7xx_HAL_Driver/Src/stm32h7xx_hal_cortex.o
                0x000000002400154e                HAL_NVIC_DisableIRQ
 .text.HAL_NVIC_SystemReset
                0x000000002400156a        0x8 Drivers/STM32H7xx_HAL_Driver/Src/stm32h7xx_hal_cortex.o
                0x000000002400156a                HAL_NVIC_SystemReset
 .text.HAL_SYSTICK_Config
                0x0000000024001572       0x18 Drivers/STM32H7xx_HAL_Driver/Src/stm32h7xx_hal_cortex.o
                0x0000000024001572                HAL_SYSTICK_Config
 *fill*         0x000000002400158a        0x2 
 .text.HAL_MPU_Disable
                0x000000002400158c       0x2c Drivers/STM32H7xx_HAL_Driver/Src/stm32h7xx_hal_cortex.o
                0x000000002400158c                HAL_MPU_Disable
 .text.HAL_MPU_Enable
                0x00000000240015b8       0x3c Drivers/STM32H7xx_HAL_Driver/Src/stm32h7xx_hal_cortex.o
                0x00000000240015b8                HAL_MPU_Enable
 .text.HAL_MPU_ConfigRegion
                0x00000000240015f4       0x88 Drivers/STM32H7xx_HAL_Driver/Src/stm32h7xx_hal_cortex.o
                0x00000000240015f4                HAL_MPU_ConfigRegion
 .text.HAL_NVIC_GetPriorityGrouping
                0x000000002400167c        0xe Drivers/STM32H7xx_HAL_Driver/Src/stm32h7xx_hal_cortex.o
                0x000000002400167c                HAL_NVIC_GetPriorityGrouping
 .text.HAL_NVIC_GetPriority
                0x000000002400168a       0x2c Drivers/STM32H7xx_HAL_Driver/Src/stm32h7xx_hal_cortex.o
                0x000000002400168a                HAL_NVIC_GetPriority
 .text.HAL_NVIC_SetPendingIRQ
                0x00000000240016b6       0x1c Drivers/STM32H7xx_HAL_Driver/Src/stm32h7xx_hal_cortex.o
                0x00000000240016b6                HAL_NVIC_SetPendingIRQ
 .text.HAL_NVIC_GetPendingIRQ
                0x00000000240016d2       0x1e Drivers/STM32H7xx_HAL_Driver/Src/stm32h7xx_hal_cortex.o
                0x00000000240016d2                HAL_NVIC_GetPendingIRQ
 .text.HAL_NVIC_ClearPendingIRQ
                0x00000000240016f0       0x1c Drivers/STM32H7xx_HAL_Driver/Src/stm32h7xx_hal_cortex.o
                0x00000000240016f0                HAL_NVIC_ClearPendingIRQ
 .text.HAL_NVIC_GetActive
                0x000000002400170c       0x1e Drivers/STM32H7xx_HAL_Driver/Src/stm32h7xx_hal_cortex.o
                0x000000002400170c                HAL_NVIC_GetActive
 *fill*         0x000000002400172a        0x2 
 .text.HAL_SYSTICK_CLKSourceConfig
                0x000000002400172c       0x38 Drivers/STM32H7xx_HAL_Driver/Src/stm32h7xx_hal_cortex.o
                0x000000002400172c                HAL_SYSTICK_CLKSourceConfig
 .text.HAL_SYSTICK_IRQHandler
                0x0000000024001764        0xc Drivers/STM32H7xx_HAL_Driver/Src/stm32h7xx_hal_cortex.o
                0x0000000024001764                HAL_SYSTICK_IRQHandler
 .text.HAL_SYSTICK_Callback
                0x0000000024001770        0xe Drivers/STM32H7xx_HAL_Driver/Src/stm32h7xx_hal_cortex.o
                0x0000000024001770                HAL_SYSTICK_Callback
 .text.HAL_GetCurrentCPUID
                0x000000002400177e       0x10 Drivers/STM32H7xx_HAL_Driver/Src/stm32h7xx_hal_cortex.o
                0x000000002400177e                HAL_GetCurrentCPUID
 *fill*         0x000000002400178e        0x2 
 .text.HAL_DMA_Init
                0x0000000024001790      0x6b8 Drivers/STM32H7xx_HAL_Driver/Src/stm32h7xx_hal_dma.o
                0x0000000024001790                HAL_DMA_Init
 .text.HAL_DMA_DeInit
                0x0000000024001e48      0x4c8 Drivers/STM32H7xx_HAL_Driver/Src/stm32h7xx_hal_dma.o
                0x0000000024001e48                HAL_DMA_DeInit
 .text.HAL_DMA_Start
                0x0000000024002310      0x240 Drivers/STM32H7xx_HAL_Driver/Src/stm32h7xx_hal_dma.o
                0x0000000024002310                HAL_DMA_Start
 .text.HAL_DMA_Start_IT
                0x0000000024002550      0x4d4 Drivers/STM32H7xx_HAL_Driver/Src/stm32h7xx_hal_dma.o
                0x0000000024002550                HAL_DMA_Start_IT
 .text.HAL_DMA_Abort
                0x0000000024002a24      0x63c Drivers/STM32H7xx_HAL_Driver/Src/stm32h7xx_hal_dma.o
                0x0000000024002a24                HAL_DMA_Abort
 .text.HAL_DMA_Abort_IT
                0x0000000024003060      0x488 Drivers/STM32H7xx_HAL_Driver/Src/stm32h7xx_hal_dma.o
                0x0000000024003060                HAL_DMA_Abort_IT
 .text.HAL_DMA_PollForTransfer
                0x00000000240034e8      0x754 Drivers/STM32H7xx_HAL_Driver/Src/stm32h7xx_hal_dma.o
                0x00000000240034e8                HAL_DMA_PollForTransfer
 .text.HAL_DMA_IRQHandler
                0x0000000024003c3c      0xe54 Drivers/STM32H7xx_HAL_Driver/Src/stm32h7xx_hal_dma.o
                0x0000000024003c3c                HAL_DMA_IRQHandler
 .text.HAL_DMA_RegisterCallback
                0x0000000024004a90       0xb4 Drivers/STM32H7xx_HAL_Driver/Src/stm32h7xx_hal_dma.o
                0x0000000024004a90                HAL_DMA_RegisterCallback
 .text.HAL_DMA_UnRegisterCallback
                0x0000000024004b44       0xdc Drivers/STM32H7xx_HAL_Driver/Src/stm32h7xx_hal_dma.o
                0x0000000024004b44                HAL_DMA_UnRegisterCallback
 .text.HAL_DMA_GetState
                0x0000000024004c20       0x1c Drivers/STM32H7xx_HAL_Driver/Src/stm32h7xx_hal_dma.o
                0x0000000024004c20                HAL_DMA_GetState
 .text.HAL_DMA_GetError
                0x0000000024004c3c       0x18 Drivers/STM32H7xx_HAL_Driver/Src/stm32h7xx_hal_dma.o
                0x0000000024004c3c                HAL_DMA_GetError
 .text.DMA_SetConfig
                0x0000000024004c54      0x358 Drivers/STM32H7xx_HAL_Driver/Src/stm32h7xx_hal_dma.o
 .text.DMA_CalcBaseAndBitshift
                0x0000000024004fac      0x164 Drivers/STM32H7xx_HAL_Driver/Src/stm32h7xx_hal_dma.o
 .text.DMA_CheckFifoParam
                0x0000000024005110       0xf8 Drivers/STM32H7xx_HAL_Driver/Src/stm32h7xx_hal_dma.o
 .text.DMA_CalcDMAMUXChannelBaseAndMask
                0x0000000024005208      0x134 Drivers/STM32H7xx_HAL_Driver/Src/stm32h7xx_hal_dma.o
 .text.DMA_CalcDMAMUXRequestGenBaseAndMask
                0x000000002400533c       0xe8 Drivers/STM32H7xx_HAL_Driver/Src/stm32h7xx_hal_dma.o
 .text.HAL_DMAEx_MultiBufferStart
                0x0000000024005424      0x404 Drivers/STM32H7xx_HAL_Driver/Src/stm32h7xx_hal_dma_ex.o
                0x0000000024005424                HAL_DMAEx_MultiBufferStart
 .text.HAL_DMAEx_MultiBufferStart_IT
                0x0000000024005828      0x6bc Drivers/STM32H7xx_HAL_Driver/Src/stm32h7xx_hal_dma_ex.o
                0x0000000024005828                HAL_DMAEx_MultiBufferStart_IT
 .text.HAL_DMAEx_ChangeMemory
                0x0000000024005ee4      0x138 Drivers/STM32H7xx_HAL_Driver/Src/stm32h7xx_hal_dma_ex.o
                0x0000000024005ee4                HAL_DMAEx_ChangeMemory
 .text.HAL_DMAEx_ConfigMuxSync
                0x000000002400601c      0x18c Drivers/STM32H7xx_HAL_Driver/Src/stm32h7xx_hal_dma_ex.o
                0x000000002400601c                HAL_DMAEx_ConfigMuxSync
 .text.HAL_DMAEx_ConfigMuxRequestGenerator
                0x00000000240061a8      0x174 Drivers/STM32H7xx_HAL_Driver/Src/stm32h7xx_hal_dma_ex.o
                0x00000000240061a8                HAL_DMAEx_ConfigMuxRequestGenerator
 .text.HAL_DMAEx_EnableMuxRequestGenerator
                0x000000002400631c       0x3e Drivers/STM32H7xx_HAL_Driver/Src/stm32h7xx_hal_dma_ex.o
                0x000000002400631c                HAL_DMAEx_EnableMuxRequestGenerator
 .text.HAL_DMAEx_DisableMuxRequestGenerator
                0x000000002400635a       0x3e Drivers/STM32H7xx_HAL_Driver/Src/stm32h7xx_hal_dma_ex.o
                0x000000002400635a                HAL_DMAEx_DisableMuxRequestGenerator
 .text.HAL_DMAEx_MUX_IRQHandler
                0x0000000024006398       0xa4 Drivers/STM32H7xx_HAL_Driver/Src/stm32h7xx_hal_dma_ex.o
                0x0000000024006398                HAL_DMAEx_MUX_IRQHandler
 .text.DMA_MultiBufferSetConfig
                0x000000002400643c      0x16c Drivers/STM32H7xx_HAL_Driver/Src/stm32h7xx_hal_dma_ex.o
 .text.HAL_EXTI_SetConfigLine
                0x00000000240065a8      0x25c Drivers/STM32H7xx_HAL_Driver/Src/stm32h7xx_hal_exti.o
                0x00000000240065a8                HAL_EXTI_SetConfigLine
 .text.HAL_EXTI_GetConfigLine
                0x0000000024006804      0x1ec Drivers/STM32H7xx_HAL_Driver/Src/stm32h7xx_hal_exti.o
                0x0000000024006804                HAL_EXTI_GetConfigLine
 .text.HAL_EXTI_ClearConfigLine
                0x00000000240069f0      0x194 Drivers/STM32H7xx_HAL_Driver/Src/stm32h7xx_hal_exti.o
                0x00000000240069f0                HAL_EXTI_ClearConfigLine
 .text.HAL_EXTI_RegisterCallback
                0x0000000024006b84       0x3e Drivers/STM32H7xx_HAL_Driver/Src/stm32h7xx_hal_exti.o
                0x0000000024006b84                HAL_EXTI_RegisterCallback
 .text.HAL_EXTI_GetHandle
                0x0000000024006bc2       0x28 Drivers/STM32H7xx_HAL_Driver/Src/stm32h7xx_hal_exti.o
                0x0000000024006bc2                HAL_EXTI_GetHandle
 *fill*         0x0000000024006bea        0x2 
 .text.HAL_EXTI_IRQHandler
                0x0000000024006bec       0x60 Drivers/STM32H7xx_HAL_Driver/Src/stm32h7xx_hal_exti.o
                0x0000000024006bec                HAL_EXTI_IRQHandler
 .text.HAL_EXTI_GetPending
                0x0000000024006c4c       0x58 Drivers/STM32H7xx_HAL_Driver/Src/stm32h7xx_hal_exti.o
                0x0000000024006c4c                HAL_EXTI_GetPending
 .text.HAL_EXTI_ClearPending
                0x0000000024006ca4       0x48 Drivers/STM32H7xx_HAL_Driver/Src/stm32h7xx_hal_exti.o
                0x0000000024006ca4                HAL_EXTI_ClearPending
 .text.HAL_EXTI_GenerateSWI
                0x0000000024006cec       0x44 Drivers/STM32H7xx_HAL_Driver/Src/stm32h7xx_hal_exti.o
                0x0000000024006cec                HAL_EXTI_GenerateSWI
 .text.HAL_FLASH_Program
                0x0000000024006d30      0x104 Drivers/STM32H7xx_HAL_Driver/Src/stm32h7xx_hal_flash.o
                0x0000000024006d30                HAL_FLASH_Program
 .text.HAL_FLASH_Program_IT
                0x0000000024006e34       0xfc Drivers/STM32H7xx_HAL_Driver/Src/stm32h7xx_hal_flash.o
                0x0000000024006e34                HAL_FLASH_Program_IT
 .text.HAL_FLASH_IRQHandler
                0x0000000024006f30      0x2b4 Drivers/STM32H7xx_HAL_Driver/Src/stm32h7xx_hal_flash.o
                0x0000000024006f30                HAL_FLASH_IRQHandler
 .text.HAL_FLASH_EndOfOperationCallback
                0x00000000240071e4       0x14 Drivers/STM32H7xx_HAL_Driver/Src/stm32h7xx_hal_flash.o
                0x00000000240071e4                HAL_FLASH_EndOfOperationCallback
 .text.HAL_FLASH_OperationErrorCallback
                0x00000000240071f8       0x14 Drivers/STM32H7xx_HAL_Driver/Src/stm32h7xx_hal_flash.o
                0x00000000240071f8                HAL_FLASH_OperationErrorCallback
 .text.HAL_FLASH_Unlock
                0x000000002400720c       0x74 Drivers/STM32H7xx_HAL_Driver/Src/stm32h7xx_hal_flash.o
                0x000000002400720c                HAL_FLASH_Unlock
 .text.HAL_FLASH_Lock
                0x0000000024007280       0x54 Drivers/STM32H7xx_HAL_Driver/Src/stm32h7xx_hal_flash.o
                0x0000000024007280                HAL_FLASH_Lock
 .text.HAL_FLASH_OB_Unlock
                0x00000000240072d4       0x44 Drivers/STM32H7xx_HAL_Driver/Src/stm32h7xx_hal_flash.o
                0x00000000240072d4                HAL_FLASH_OB_Unlock
 .text.HAL_FLASH_OB_Lock
                0x0000000024007318       0x30 Drivers/STM32H7xx_HAL_Driver/Src/stm32h7xx_hal_flash.o
                0x0000000024007318                HAL_FLASH_OB_Lock
 .text.HAL_FLASH_OB_Launch
                0x0000000024007348       0x64 Drivers/STM32H7xx_HAL_Driver/Src/stm32h7xx_hal_flash.o
                0x0000000024007348                HAL_FLASH_OB_Launch
 .text.HAL_FLASH_GetError
                0x00000000240073ac       0x18 Drivers/STM32H7xx_HAL_Driver/Src/stm32h7xx_hal_flash.o
                0x00000000240073ac                HAL_FLASH_GetError
 .text.FLASH_WaitForLastOperation
                0x00000000240073c4      0x138 Drivers/STM32H7xx_HAL_Driver/Src/stm32h7xx_hal_flash.o
                0x00000000240073c4                FLASH_WaitForLastOperation
 .text.FLASH_OB_WaitForLastOperation
                0x00000000240074fc       0x78 Drivers/STM32H7xx_HAL_Driver/Src/stm32h7xx_hal_flash.o
                0x00000000240074fc                FLASH_OB_WaitForLastOperation
 .text.FLASH_CRC_WaitForLastOperation
                0x0000000024007574       0xf4 Drivers/STM32H7xx_HAL_Driver/Src/stm32h7xx_hal_flash.o
                0x0000000024007574                FLASH_CRC_WaitForLastOperation
 .text.HAL_FLASHEx_Erase
                0x0000000024007668      0x194 Drivers/STM32H7xx_HAL_Driver/Src/stm32h7xx_hal_flash_ex.o
                0x0000000024007668                HAL_FLASHEx_Erase
 .text.HAL_FLASHEx_Erase_IT
                0x00000000240077fc      0x138 Drivers/STM32H7xx_HAL_Driver/Src/stm32h7xx_hal_flash_ex.o
                0x00000000240077fc                HAL_FLASHEx_Erase_IT
 .text.HAL_FLASHEx_OBProgram
                0x0000000024007934      0x148 Drivers/STM32H7xx_HAL_Driver/Src/stm32h7xx_hal_flash_ex.o
                0x0000000024007934                HAL_FLASHEx_OBProgram
 .text.HAL_FLASHEx_OBGetConfig
                0x0000000024007a7c       0xb6 Drivers/STM32H7xx_HAL_Driver/Src/stm32h7xx_hal_flash_ex.o
                0x0000000024007a7c                HAL_FLASHEx_OBGetConfig
 *fill*         0x0000000024007b32        0x2 
 .text.HAL_FLASHEx_Unlock_Bank1
                0x0000000024007b34       0x44 Drivers/STM32H7xx_HAL_Driver/Src/stm32h7xx_hal_flash_ex.o
                0x0000000024007b34                HAL_FLASHEx_Unlock_Bank1
 .text.HAL_FLASHEx_Lock_Bank1
                0x0000000024007b78       0x20 Drivers/STM32H7xx_HAL_Driver/Src/stm32h7xx_hal_flash_ex.o
                0x0000000024007b78                HAL_FLASHEx_Lock_Bank1
 .text.HAL_FLASHEx_Unlock_Bank2
                0x0000000024007b98       0x4c Drivers/STM32H7xx_HAL_Driver/Src/stm32h7xx_hal_flash_ex.o
                0x0000000024007b98                HAL_FLASHEx_Unlock_Bank2
 .text.HAL_FLASHEx_Lock_Bank2
                0x0000000024007be4       0x24 Drivers/STM32H7xx_HAL_Driver/Src/stm32h7xx_hal_flash_ex.o
                0x0000000024007be4                HAL_FLASHEx_Lock_Bank2
 .text.HAL_FLASHEx_ComputeCRC
                0x0000000024007c08      0x1f0 Drivers/STM32H7xx_HAL_Driver/Src/stm32h7xx_hal_flash_ex.o
                0x0000000024007c08                HAL_FLASHEx_ComputeCRC
 .text.FLASH_MassErase
                0x0000000024007df8       0xd4 Drivers/STM32H7xx_HAL_Driver/Src/stm32h7xx_hal_flash_ex.o
 .text.FLASH_Erase_Sector
                0x0000000024007ecc       0x7c Drivers/STM32H7xx_HAL_Driver/Src/stm32h7xx_hal_flash_ex.o
                0x0000000024007ecc                FLASH_Erase_Sector
 .text.FLASH_OB_EnableWRP
                0x0000000024007f48       0x54 Drivers/STM32H7xx_HAL_Driver/Src/stm32h7xx_hal_flash_ex.o
 .text.FLASH_OB_DisableWRP
                0x0000000024007f9c       0x50 Drivers/STM32H7xx_HAL_Driver/Src/stm32h7xx_hal_flash_ex.o
 .text.FLASH_OB_GetWRP
                0x0000000024007fec       0x64 Drivers/STM32H7xx_HAL_Driver/Src/stm32h7xx_hal_flash_ex.o
 .text.FLASH_OB_RDPConfig
                0x0000000024008050       0x28 Drivers/STM32H7xx_HAL_Driver/Src/stm32h7xx_hal_flash_ex.o
 .text.FLASH_OB_GetRDP
                0x0000000024008078       0x38 Drivers/STM32H7xx_HAL_Driver/Src/stm32h7xx_hal_flash_ex.o
 .text.FLASH_OB_UserConfig
                0x00000000240080b0      0x144 Drivers/STM32H7xx_HAL_Driver/Src/stm32h7xx_hal_flash_ex.o
 .text.FLASH_OB_GetUser
                0x00000000240081f4       0x2c Drivers/STM32H7xx_HAL_Driver/Src/stm32h7xx_hal_flash_ex.o
 .text.FLASH_OB_PCROPConfig
                0x0000000024008220       0x6c Drivers/STM32H7xx_HAL_Driver/Src/stm32h7xx_hal_flash_ex.o
 .text.FLASH_OB_GetPCROP
                0x000000002400828c       0x8c Drivers/STM32H7xx_HAL_Driver/Src/stm32h7xx_hal_flash_ex.o
 .text.FLASH_OB_BOR_LevelConfig
                0x0000000024008318       0x28 Drivers/STM32H7xx_HAL_Driver/Src/stm32h7xx_hal_flash_ex.o
 .text.FLASH_OB_GetBOR
                0x0000000024008340       0x1c Drivers/STM32H7xx_HAL_Driver/Src/stm32h7xx_hal_flash_ex.o
 .text.FLASH_OB_BootAddConfig
                0x000000002400835c       0x54 Drivers/STM32H7xx_HAL_Driver/Src/stm32h7xx_hal_flash_ex.o
 .text.FLASH_OB_GetBootAdd
                0x00000000240083b0       0x38 Drivers/STM32H7xx_HAL_Driver/Src/stm32h7xx_hal_flash_ex.o
 .text.FLASH_OB_SecureAreaConfig
                0x00000000240083e8       0x74 Drivers/STM32H7xx_HAL_Driver/Src/stm32h7xx_hal_flash_ex.o
 .text.FLASH_OB_GetSecureArea
                0x000000002400845c       0x8c Drivers/STM32H7xx_HAL_Driver/Src/stm32h7xx_hal_flash_ex.o
 .text.FLASH_CRC_AddSector
                0x00000000240084e8       0x64 Drivers/STM32H7xx_HAL_Driver/Src/stm32h7xx_hal_flash_ex.o
 .text.FLASH_CRC_SelectAddress
                0x000000002400854c       0x40 Drivers/STM32H7xx_HAL_Driver/Src/stm32h7xx_hal_flash_ex.o
 .text.HAL_GPIO_Init
                0x000000002400858c      0x360 Drivers/STM32H7xx_HAL_Driver/Src/stm32h7xx_hal_gpio.o
                0x000000002400858c                HAL_GPIO_Init
 .text.HAL_GPIO_DeInit
                0x00000000240088ec      0x214 Drivers/STM32H7xx_HAL_Driver/Src/stm32h7xx_hal_gpio.o
                0x00000000240088ec                HAL_GPIO_DeInit
 .text.HAL_GPIO_ReadPin
                0x0000000024008b00       0x30 Drivers/STM32H7xx_HAL_Driver/Src/stm32h7xx_hal_gpio.o
                0x0000000024008b00                HAL_GPIO_ReadPin
 .text.HAL_GPIO_WritePin
                0x0000000024008b30       0x32 Drivers/STM32H7xx_HAL_Driver/Src/stm32h7xx_hal_gpio.o
                0x0000000024008b30                HAL_GPIO_WritePin
 .text.HAL_GPIO_TogglePin
                0x0000000024008b62       0x36 Drivers/STM32H7xx_HAL_Driver/Src/stm32h7xx_hal_gpio.o
                0x0000000024008b62                HAL_GPIO_TogglePin
 .text.HAL_GPIO_LockPin
                0x0000000024008b98       0x50 Drivers/STM32H7xx_HAL_Driver/Src/stm32h7xx_hal_gpio.o
                0x0000000024008b98                HAL_GPIO_LockPin
 .text.HAL_GPIO_EXTI_IRQHandler
                0x0000000024008be8       0x34 Drivers/STM32H7xx_HAL_Driver/Src/stm32h7xx_hal_gpio.o
                0x0000000024008be8                HAL_GPIO_EXTI_IRQHandler
 .text.HAL_GPIO_EXTI_Callback
                0x0000000024008c1c       0x16 Drivers/STM32H7xx_HAL_Driver/Src/stm32h7xx_hal_gpio.o
                0x0000000024008c1c                HAL_GPIO_EXTI_Callback
 *fill*         0x0000000024008c32        0x2 
 .text.HAL_HSEM_Take
                0x0000000024008c34       0x44 Drivers/STM32H7xx_HAL_Driver/Src/stm32h7xx_hal_hsem.o
                0x0000000024008c34                HAL_HSEM_Take
 .text.HAL_HSEM_FastTake
                0x0000000024008c78       0x34 Drivers/STM32H7xx_HAL_Driver/Src/stm32h7xx_hal_hsem.o
                0x0000000024008c78                HAL_HSEM_FastTake
 .text.HAL_HSEM_IsSemTaken
                0x0000000024008cac       0x2c Drivers/STM32H7xx_HAL_Driver/Src/stm32h7xx_hal_hsem.o
                0x0000000024008cac                HAL_HSEM_IsSemTaken
 .text.HAL_HSEM_Release
                0x0000000024008cd8       0x28 Drivers/STM32H7xx_HAL_Driver/Src/stm32h7xx_hal_hsem.o
                0x0000000024008cd8                HAL_HSEM_Release
 .text.HAL_HSEM_ReleaseAll
                0x0000000024008d00       0x2c Drivers/STM32H7xx_HAL_Driver/Src/stm32h7xx_hal_hsem.o
                0x0000000024008d00                HAL_HSEM_ReleaseAll
 .text.HAL_HSEM_SetClearKey
                0x0000000024008d2c       0x2c Drivers/STM32H7xx_HAL_Driver/Src/stm32h7xx_hal_hsem.o
                0x0000000024008d2c                HAL_HSEM_SetClearKey
 .text.HAL_HSEM_GetClearKey
                0x0000000024008d58       0x1c Drivers/STM32H7xx_HAL_Driver/Src/stm32h7xx_hal_hsem.o
                0x0000000024008d58                HAL_HSEM_GetClearKey
 .text.HAL_HSEM_ActivateNotification
                0x0000000024008d74       0x24 Drivers/STM32H7xx_HAL_Driver/Src/stm32h7xx_hal_hsem.o
                0x0000000024008d74                HAL_HSEM_ActivateNotification
 .text.HAL_HSEM_DeactivateNotification
                0x0000000024008d98       0x28 Drivers/STM32H7xx_HAL_Driver/Src/stm32h7xx_hal_hsem.o
                0x0000000024008d98                HAL_HSEM_DeactivateNotification
 .text.HAL_HSEM_IRQHandler
                0x0000000024008dc0       0x34 Drivers/STM32H7xx_HAL_Driver/Src/stm32h7xx_hal_hsem.o
                0x0000000024008dc0                HAL_HSEM_IRQHandler
 .text.HAL_HSEM_FreeCallback
                0x0000000024008df4       0x14 Drivers/STM32H7xx_HAL_Driver/Src/stm32h7xx_hal_hsem.o
                0x0000000024008df4                HAL_HSEM_FreeCallback
 .text.HAL_I2C_Init
                0x0000000024008e08      0x120 Drivers/STM32H7xx_HAL_Driver/Src/stm32h7xx_hal_i2c.o
                0x0000000024008e08                HAL_I2C_Init
 .text.HAL_I2C_DeInit
                0x0000000024008f28       0x5e Drivers/STM32H7xx_HAL_Driver/Src/stm32h7xx_hal_i2c.o
                0x0000000024008f28                HAL_I2C_DeInit
 .text.HAL_I2C_MspInit
                0x0000000024008f86       0x14 Drivers/STM32H7xx_HAL_Driver/Src/stm32h7xx_hal_i2c.o
                0x0000000024008f86                HAL_I2C_MspInit
 .text.HAL_I2C_MspDeInit
                0x0000000024008f9a       0x14 Drivers/STM32H7xx_HAL_Driver/Src/stm32h7xx_hal_i2c.o
                0x0000000024008f9a                HAL_I2C_MspDeInit
 *fill*         0x0000000024008fae        0x2 
 .text.HAL_I2C_Master_Transmit
                0x0000000024008fb0      0x1e8 Drivers/STM32H7xx_HAL_Driver/Src/stm32h7xx_hal_i2c.o
                0x0000000024008fb0                HAL_I2C_Master_Transmit
 .text.HAL_I2C_Master_Receive
                0x0000000024009198      0x1ec Drivers/STM32H7xx_HAL_Driver/Src/stm32h7xx_hal_i2c.o
                0x0000000024009198                HAL_I2C_Master_Receive
 .text.HAL_I2C_Slave_Transmit
                0x0000000024009384      0x212 Drivers/STM32H7xx_HAL_Driver/Src/stm32h7xx_hal_i2c.o
                0x0000000024009384                HAL_I2C_Slave_Transmit
 .text.HAL_I2C_Slave_Receive
                0x0000000024009596      0x1fe Drivers/STM32H7xx_HAL_Driver/Src/stm32h7xx_hal_i2c.o
                0x0000000024009596                HAL_I2C_Slave_Receive
 .text.HAL_I2C_Master_Transmit_IT
                0x0000000024009794       0xe0 Drivers/STM32H7xx_HAL_Driver/Src/stm32h7xx_hal_i2c.o
                0x0000000024009794                HAL_I2C_Master_Transmit_IT
 .text.HAL_I2C_Master_Receive_IT
                0x0000000024009874       0xe0 Drivers/STM32H7xx_HAL_Driver/Src/stm32h7xx_hal_i2c.o
                0x0000000024009874                HAL_I2C_Master_Receive_IT
 .text.HAL_I2C_Slave_Transmit_IT
                0x0000000024009954       0xa0 Drivers/STM32H7xx_HAL_Driver/Src/stm32h7xx_hal_i2c.o
                0x0000000024009954                HAL_I2C_Slave_Transmit_IT
 .text.HAL_I2C_Slave_Receive_IT
                0x00000000240099f4       0xa0 Drivers/STM32H7xx_HAL_Driver/Src/stm32h7xx_hal_i2c.o
                0x00000000240099f4                HAL_I2C_Slave_Receive_IT
 .text.HAL_I2C_Master_Transmit_DMA
                0x0000000024009a94      0x1e0 Drivers/STM32H7xx_HAL_Driver/Src/stm32h7xx_hal_i2c.o
                0x0000000024009a94                HAL_I2C_Master_Transmit_DMA
 .text.HAL_I2C_Master_Receive_DMA
                0x0000000024009c74      0x1e0 Drivers/STM32H7xx_HAL_Driver/Src/stm32h7xx_hal_i2c.o
                0x0000000024009c74                HAL_I2C_Master_Receive_DMA
 .text.HAL_I2C_Slave_Transmit_DMA
                0x0000000024009e54      0x16c Drivers/STM32H7xx_HAL_Driver/Src/stm32h7xx_hal_i2c.o
                0x0000000024009e54                HAL_I2C_Slave_Transmit_DMA
 .text.HAL_I2C_Slave_Receive_DMA
                0x0000000024009fc0      0x16c Drivers/STM32H7xx_HAL_Driver/Src/stm32h7xx_hal_i2c.o
                0x0000000024009fc0                HAL_I2C_Slave_Receive_DMA
 .text.HAL_I2C_Mem_Write
                0x000000002400a12c      0x228 Drivers/STM32H7xx_HAL_Driver/Src/stm32h7xx_hal_i2c.o
                0x000000002400a12c                HAL_I2C_Mem_Write
 .text.HAL_I2C_Mem_Read
                0x000000002400a354      0x234 Drivers/STM32H7xx_HAL_Driver/Src/stm32h7xx_hal_i2c.o
                0x000000002400a354                HAL_I2C_Mem_Read
 .text.HAL_I2C_Mem_Write_IT
                0x000000002400a588      0x128 Drivers/STM32H7xx_HAL_Driver/Src/stm32h7xx_hal_i2c.o
                0x000000002400a588                HAL_I2C_Mem_Write_IT
 .text.HAL_I2C_Mem_Read_IT
                0x000000002400a6b0      0x12c Drivers/STM32H7xx_HAL_Driver/Src/stm32h7xx_hal_i2c.o
                0x000000002400a6b0                HAL_I2C_Mem_Read_IT
 .text.HAL_I2C_Mem_Write_DMA
                0x000000002400a7dc      0x1ec Drivers/STM32H7xx_HAL_Driver/Src/stm32h7xx_hal_i2c.o
                0x000000002400a7dc                HAL_I2C_Mem_Write_DMA
 .text.HAL_I2C_Mem_Read_DMA
                0x000000002400a9c8      0x1f0 Drivers/STM32H7xx_HAL_Driver/Src/stm32h7xx_hal_i2c.o
                0x000000002400a9c8                HAL_I2C_Mem_Read_DMA
 .text.HAL_I2C_IsDeviceReady
                0x000000002400abb8      0x210 Drivers/STM32H7xx_HAL_Driver/Src/stm32h7xx_hal_i2c.o
                0x000000002400abb8                HAL_I2C_IsDeviceReady
 .text.HAL_I2C_Master_Seq_Transmit_IT
                0x000000002400adc8      0x108 Drivers/STM32H7xx_HAL_Driver/Src/stm32h7xx_hal_i2c.o
                0x000000002400adc8                HAL_I2C_Master_Seq_Transmit_IT
 .text.HAL_I2C_Master_Seq_Transmit_DMA
                0x000000002400aed0      0x208 Drivers/STM32H7xx_HAL_Driver/Src/stm32h7xx_hal_i2c.o
                0x000000002400aed0                HAL_I2C_Master_Seq_Transmit_DMA
 .text.HAL_I2C_Master_Seq_Receive_IT
                0x000000002400b0d8      0x108 Drivers/STM32H7xx_HAL_Driver/Src/stm32h7xx_hal_i2c.o
                0x000000002400b0d8                HAL_I2C_Master_Seq_Receive_IT
 .text.HAL_I2C_Master_Seq_Receive_DMA
                0x000000002400b1e0      0x208 Drivers/STM32H7xx_HAL_Driver/Src/stm32h7xx_hal_i2c.o
                0x000000002400b1e0                HAL_I2C_Master_Seq_Receive_DMA
 .text.HAL_I2C_Slave_Seq_Transmit_IT
                0x000000002400b3e8      0x148 Drivers/STM32H7xx_HAL_Driver/Src/stm32h7xx_hal_i2c.o
                0x000000002400b3e8                HAL_I2C_Slave_Seq_Transmit_IT
 .text.HAL_I2C_Slave_Seq_Transmit_DMA
                0x000000002400b530      0x270 Drivers/STM32H7xx_HAL_Driver/Src/stm32h7xx_hal_i2c.o
                0x000000002400b530                HAL_I2C_Slave_Seq_Transmit_DMA
 .text.HAL_I2C_Slave_Seq_Receive_IT
                0x000000002400b7a0      0x148 Drivers/STM32H7xx_HAL_Driver/Src/stm32h7xx_hal_i2c.o
                0x000000002400b7a0                HAL_I2C_Slave_Seq_Receive_IT
 .text.HAL_I2C_Slave_Seq_Receive_DMA
                0x000000002400b8e8      0x270 Drivers/STM32H7xx_HAL_Driver/Src/stm32h7xx_hal_i2c.o
                0x000000002400b8e8                HAL_I2C_Slave_Seq_Receive_DMA
 .text.HAL_I2C_EnableListen_IT
                0x000000002400bb58       0x40 Drivers/STM32H7xx_HAL_Driver/Src/stm32h7xx_hal_i2c.o
                0x000000002400bb58                HAL_I2C_EnableListen_IT
 .text.HAL_I2C_DisableListen_IT
                0x000000002400bb98       0x62 Drivers/STM32H7xx_HAL_Driver/Src/stm32h7xx_hal_i2c.o
                0x000000002400bb98                HAL_I2C_DisableListen_IT
 *fill*         0x000000002400bbfa        0x2 
 .text.HAL_I2C_Master_Abort_IT
                0x000000002400bbfc       0xa0 Drivers/STM32H7xx_HAL_Driver/Src/stm32h7xx_hal_i2c.o
                0x000000002400bbfc                HAL_I2C_Master_Abort_IT
 .text.HAL_I2C_EV_IRQHandler
                0x000000002400bc9c       0x34 Drivers/STM32H7xx_HAL_Driver/Src/stm32h7xx_hal_i2c.o
                0x000000002400bc9c                HAL_I2C_EV_IRQHandler
 .text.HAL_I2C_ER_IRQHandler
                0x000000002400bcd0       0xc2 Drivers/STM32H7xx_HAL_Driver/Src/stm32h7xx_hal_i2c.o
                0x000000002400bcd0                HAL_I2C_ER_IRQHandler
 .text.HAL_I2C_MasterTxCpltCallback
                0x000000002400bd92       0x14 Drivers/STM32H7xx_HAL_Driver/Src/stm32h7xx_hal_i2c.o
                0x000000002400bd92                HAL_I2C_MasterTxCpltCallback
 .text.HAL_I2C_MasterRxCpltCallback
                0x000000002400bda6       0x14 Drivers/STM32H7xx_HAL_Driver/Src/stm32h7xx_hal_i2c.o
                0x000000002400bda6                HAL_I2C_MasterRxCpltCallback
 .text.HAL_I2C_SlaveTxCpltCallback
                0x000000002400bdba       0x14 Drivers/STM32H7xx_HAL_Driver/Src/stm32h7xx_hal_i2c.o
                0x000000002400bdba                HAL_I2C_SlaveTxCpltCallback
 .text.HAL_I2C_SlaveRxCpltCallback
                0x000000002400bdce       0x14 Drivers/STM32H7xx_HAL_Driver/Src/stm32h7xx_hal_i2c.o
                0x000000002400bdce                HAL_I2C_SlaveRxCpltCallback
 .text.HAL_I2C_AddrCallback
                0x000000002400bde2       0x1c Drivers/STM32H7xx_HAL_Driver/Src/stm32h7xx_hal_i2c.o
                0x000000002400bde2                HAL_I2C_AddrCallback
 .text.HAL_I2C_ListenCpltCallback
                0x000000002400bdfe       0x14 Drivers/STM32H7xx_HAL_Driver/Src/stm32h7xx_hal_i2c.o
                0x000000002400bdfe                HAL_I2C_ListenCpltCallback
 .text.HAL_I2C_MemTxCpltCallback
                0x000000002400be12       0x14 Drivers/STM32H7xx_HAL_Driver/Src/stm32h7xx_hal_i2c.o
                0x000000002400be12                HAL_I2C_MemTxCpltCallback
 .text.HAL_I2C_MemRxCpltCallback
                0x000000002400be26       0x14 Drivers/STM32H7xx_HAL_Driver/Src/stm32h7xx_hal_i2c.o
                0x000000002400be26                HAL_I2C_MemRxCpltCallback
 .text.HAL_I2C_ErrorCallback
                0x000000002400be3a       0x14 Drivers/STM32H7xx_HAL_Driver/Src/stm32h7xx_hal_i2c.o
                0x000000002400be3a                HAL_I2C_ErrorCallback
 .text.HAL_I2C_AbortCpltCallback
                0x000000002400be4e       0x14 Drivers/STM32H7xx_HAL_Driver/Src/stm32h7xx_hal_i2c.o
                0x000000002400be4e                HAL_I2C_AbortCpltCallback
 .text.HAL_I2C_GetState
                0x000000002400be62       0x1c Drivers/STM32H7xx_HAL_Driver/Src/stm32h7xx_hal_i2c.o
                0x000000002400be62                HAL_I2C_GetState
 .text.HAL_I2C_GetMode
                0x000000002400be7e       0x1c Drivers/STM32H7xx_HAL_Driver/Src/stm32h7xx_hal_i2c.o
                0x000000002400be7e                HAL_I2C_GetMode
 .text.HAL_I2C_GetError
                0x000000002400be9a       0x18 Drivers/STM32H7xx_HAL_Driver/Src/stm32h7xx_hal_i2c.o
                0x000000002400be9a                HAL_I2C_GetError
 .text.I2C_Master_ISR_IT
                0x000000002400beb2      0x252 Drivers/STM32H7xx_HAL_Driver/Src/stm32h7xx_hal_i2c.o
 .text.I2C_Slave_ISR_IT
                0x000000002400c104      0x206 Drivers/STM32H7xx_HAL_Driver/Src/stm32h7xx_hal_i2c.o
 .text.I2C_Master_ISR_DMA
                0x000000002400c30a      0x1e6 Drivers/STM32H7xx_HAL_Driver/Src/stm32h7xx_hal_i2c.o
 .text.I2C_Slave_ISR_DMA
                0x000000002400c4f0      0x3c0 Drivers/STM32H7xx_HAL_Driver/Src/stm32h7xx_hal_i2c.o
 .text.I2C_RequestMemoryWrite
                0x000000002400c8b0       0xa8 Drivers/STM32H7xx_HAL_Driver/Src/stm32h7xx_hal_i2c.o
 .text.I2C_RequestMemoryRead
                0x000000002400c958       0xa8 Drivers/STM32H7xx_HAL_Driver/Src/stm32h7xx_hal_i2c.o
 .text.I2C_ITAddrCplt
                0x000000002400ca00      0x108 Drivers/STM32H7xx_HAL_Driver/Src/stm32h7xx_hal_i2c.o
 .text.I2C_ITMasterSeqCplt
                0x000000002400cb08       0x7a Drivers/STM32H7xx_HAL_Driver/Src/stm32h7xx_hal_i2c.o
 .text.I2C_ITSlaveSeqCplt
                0x000000002400cb82       0xbc Drivers/STM32H7xx_HAL_Driver/Src/stm32h7xx_hal_i2c.o
 *fill*         0x000000002400cc3e        0x2 
 .text.I2C_ITMasterCplt
                0x000000002400cc40      0x190 Drivers/STM32H7xx_HAL_Driver/Src/stm32h7xx_hal_i2c.o
 .text.I2C_ITSlaveCplt
                0x000000002400cdd0      0x3f0 Drivers/STM32H7xx_HAL_Driver/Src/stm32h7xx_hal_i2c.o
 .text.I2C_ITListenCplt
                0x000000002400d1c0       0xac Drivers/STM32H7xx_HAL_Driver/Src/stm32h7xx_hal_i2c.o
 .text.I2C_ITError
                0x000000002400d26c      0x1a0 Drivers/STM32H7xx_HAL_Driver/Src/stm32h7xx_hal_i2c.o
 .text.I2C_TreatErrorCallback
                0x000000002400d40c       0x4e Drivers/STM32H7xx_HAL_Driver/Src/stm32h7xx_hal_i2c.o
 .text.I2C_Flush_TXDR
                0x000000002400d45a       0x48 Drivers/STM32H7xx_HAL_Driver/Src/stm32h7xx_hal_i2c.o
 .text.I2C_DMAMasterTransmitCplt
                0x000000002400d4a2       0x96 Drivers/STM32H7xx_HAL_Driver/Src/stm32h7xx_hal_i2c.o
 .text.I2C_DMASlaveTransmitCplt
                0x000000002400d538       0x40 Drivers/STM32H7xx_HAL_Driver/Src/stm32h7xx_hal_i2c.o
 .text.I2C_DMAMasterReceiveCplt
                0x000000002400d578       0x96 Drivers/STM32H7xx_HAL_Driver/Src/stm32h7xx_hal_i2c.o
 *fill*         0x000000002400d60e        0x2 
 .text.I2C_DMASlaveReceiveCplt
                0x000000002400d610      0x164 Drivers/STM32H7xx_HAL_Driver/Src/stm32h7xx_hal_i2c.o
 .text.I2C_DMAError
                0x000000002400d774      0x270 Drivers/STM32H7xx_HAL_Driver/Src/stm32h7xx_hal_i2c.o
 .text.I2C_DMAAbort
                0x000000002400d9e4       0x3c Drivers/STM32H7xx_HAL_Driver/Src/stm32h7xx_hal_i2c.o
 .text.I2C_WaitOnFlagUntilTimeout
                0x000000002400da20       0x80 Drivers/STM32H7xx_HAL_Driver/Src/stm32h7xx_hal_i2c.o
 .text.I2C_WaitOnTXISFlagUntilTimeout
                0x000000002400daa0       0x80 Drivers/STM32H7xx_HAL_Driver/Src/stm32h7xx_hal_i2c.o
 .text.I2C_WaitOnSTOPFlagUntilTimeout
                0x000000002400db20       0x78 Drivers/STM32H7xx_HAL_Driver/Src/stm32h7xx_hal_i2c.o
 .text.I2C_WaitOnRXNEFlagUntilTimeout
                0x000000002400db98       0xd8 Drivers/STM32H7xx_HAL_Driver/Src/stm32h7xx_hal_i2c.o
 .text.I2C_IsAcknowledgeFailed
                0x000000002400dc70       0xcc Drivers/STM32H7xx_HAL_Driver/Src/stm32h7xx_hal_i2c.o
 .text.I2C_TransferConfig
                0x000000002400dd3c       0x5c Drivers/STM32H7xx_HAL_Driver/Src/stm32h7xx_hal_i2c.o
 .text.I2C_Enable_IRQ
                0x000000002400dd98       0xc8 Drivers/STM32H7xx_HAL_Driver/Src/stm32h7xx_hal_i2c.o
 .text.I2C_Disable_IRQ
                0x000000002400de60       0xbc Drivers/STM32H7xx_HAL_Driver/Src/stm32h7xx_hal_i2c.o
 .text.I2C_ConvertOtherXferOptions
                0x000000002400df1c       0x36 Drivers/STM32H7xx_HAL_Driver/Src/stm32h7xx_hal_i2c.o
 .text.HAL_I2CEx_ConfigAnalogFilter
                0x000000002400df52       0x96 Drivers/STM32H7xx_HAL_Driver/Src/stm32h7xx_hal_i2c_ex.o
                0x000000002400df52                HAL_I2CEx_ConfigAnalogFilter
 .text.HAL_I2CEx_ConfigDigitalFilter
                0x000000002400dfe8       0x98 Drivers/STM32H7xx_HAL_Driver/Src/stm32h7xx_hal_i2c_ex.o
                0x000000002400dfe8                HAL_I2CEx_ConfigDigitalFilter
 .text.HAL_I2CEx_EnableWakeUp
                0x000000002400e080       0x84 Drivers/STM32H7xx_HAL_Driver/Src/stm32h7xx_hal_i2c_ex.o
                0x000000002400e080                HAL_I2CEx_EnableWakeUp
 .text.HAL_I2CEx_DisableWakeUp
                0x000000002400e104       0x84 Drivers/STM32H7xx_HAL_Driver/Src/stm32h7xx_hal_i2c_ex.o
                0x000000002400e104                HAL_I2CEx_DisableWakeUp
 .text.HAL_I2CEx_EnableFastModePlus
                0x000000002400e188       0x48 Drivers/STM32H7xx_HAL_Driver/Src/stm32h7xx_hal_i2c_ex.o
                0x000000002400e188                HAL_I2CEx_EnableFastModePlus
 .text.HAL_I2CEx_DisableFastModePlus
                0x000000002400e1d0       0x48 Drivers/STM32H7xx_HAL_Driver/Src/stm32h7xx_hal_i2c_ex.o
                0x000000002400e1d0                HAL_I2CEx_DisableFastModePlus
 .text.HAL_MDMA_Init
                0x000000002400e218       0x98 Drivers/STM32H7xx_HAL_Driver/Src/stm32h7xx_hal_mdma.o
                0x000000002400e218                HAL_MDMA_Init
 .text.HAL_MDMA_DeInit
                0x000000002400e2b0       0xb0 Drivers/STM32H7xx_HAL_Driver/Src/stm32h7xx_hal_mdma.o
                0x000000002400e2b0                HAL_MDMA_DeInit
 .text.HAL_MDMA_ConfigPostRequestMask
                0x000000002400e360       0xa4 Drivers/STM32H7xx_HAL_Driver/Src/stm32h7xx_hal_mdma.o
                0x000000002400e360                HAL_MDMA_ConfigPostRequestMask
 .text.HAL_MDMA_RegisterCallback
                0x000000002400e404       0xb4 Drivers/STM32H7xx_HAL_Driver/Src/stm32h7xx_hal_mdma.o
                0x000000002400e404                HAL_MDMA_RegisterCallback
 .text.HAL_MDMA_UnRegisterCallback
                0x000000002400e4b8       0xdc Drivers/STM32H7xx_HAL_Driver/Src/stm32h7xx_hal_mdma.o
                0x000000002400e4b8                HAL_MDMA_UnRegisterCallback
 .text.HAL_MDMA_LinkedList_CreateNode
                0x000000002400e594      0x1b8 Drivers/STM32H7xx_HAL_Driver/Src/stm32h7xx_hal_mdma.o
                0x000000002400e594                HAL_MDMA_LinkedList_CreateNode
 .text.HAL_MDMA_LinkedList_AddNode
                0x000000002400e74c      0x188 Drivers/STM32H7xx_HAL_Driver/Src/stm32h7xx_hal_mdma.o
                0x000000002400e74c                HAL_MDMA_LinkedList_AddNode
 .text.HAL_MDMA_LinkedList_RemoveNode
                0x000000002400e8d4      0x166 Drivers/STM32H7xx_HAL_Driver/Src/stm32h7xx_hal_mdma.o
                0x000000002400e8d4                HAL_MDMA_LinkedList_RemoveNode
 .text.HAL_MDMA_LinkedList_EnableCircularMode
                0x000000002400ea3a       0x86 Drivers/STM32H7xx_HAL_Driver/Src/stm32h7xx_hal_mdma.o
                0x000000002400ea3a                HAL_MDMA_LinkedList_EnableCircularMode
 .text.HAL_MDMA_LinkedList_DisableCircularMode
                0x000000002400eac0       0x84 Drivers/STM32H7xx_HAL_Driver/Src/stm32h7xx_hal_mdma.o
                0x000000002400eac0                HAL_MDMA_LinkedList_DisableCircularMode
 .text.HAL_MDMA_Start
                0x000000002400eb44       0xaa Drivers/STM32H7xx_HAL_Driver/Src/stm32h7xx_hal_mdma.o
                0x000000002400eb44                HAL_MDMA_Start
 .text.HAL_MDMA_Start_IT
                0x000000002400ebee      0x102 Drivers/STM32H7xx_HAL_Driver/Src/stm32h7xx_hal_mdma.o
                0x000000002400ebee                HAL_MDMA_Start_IT
 .text.HAL_MDMA_Abort
                0x000000002400ecf0       0xb6 Drivers/STM32H7xx_HAL_Driver/Src/stm32h7xx_hal_mdma.o
                0x000000002400ecf0                HAL_MDMA_Abort
 .text.HAL_MDMA_Abort_IT
                0x000000002400eda6       0x4e Drivers/STM32H7xx_HAL_Driver/Src/stm32h7xx_hal_mdma.o
                0x000000002400eda6                HAL_MDMA_Abort_IT
 .text.HAL_MDMA_PollForTransfer
                0x000000002400edf4      0x194 Drivers/STM32H7xx_HAL_Driver/Src/stm32h7xx_hal_mdma.o
                0x000000002400edf4                HAL_MDMA_PollForTransfer
 .text.HAL_MDMA_GenerateSWRequest
                0x000000002400ef88       0x74 Drivers/STM32H7xx_HAL_Driver/Src/stm32h7xx_hal_mdma.o
                0x000000002400ef88                HAL_MDMA_GenerateSWRequest
 .text.HAL_MDMA_IRQHandler
                0x000000002400effc      0x2ac Drivers/STM32H7xx_HAL_Driver/Src/stm32h7xx_hal_mdma.o
                0x000000002400effc                HAL_MDMA_IRQHandler
 .text.HAL_MDMA_GetState
                0x000000002400f2a8       0x1c Drivers/STM32H7xx_HAL_Driver/Src/stm32h7xx_hal_mdma.o
                0x000000002400f2a8                HAL_MDMA_GetState
 .text.HAL_MDMA_GetError
                0x000000002400f2c4       0x18 Drivers/STM32H7xx_HAL_Driver/Src/stm32h7xx_hal_mdma.o
                0x000000002400f2c4                HAL_MDMA_GetError
 .text.MDMA_SetConfig
                0x000000002400f2dc       0xe0 Drivers/STM32H7xx_HAL_Driver/Src/stm32h7xx_hal_mdma.o
 .text.MDMA_Init
                0x000000002400f3bc      0x130 Drivers/STM32H7xx_HAL_Driver/Src/stm32h7xx_hal_mdma.o
 .text.HAL_PWR_DeInit
                0x000000002400f4ec        0xe Drivers/STM32H7xx_HAL_Driver/Src/stm32h7xx_hal_pwr.o
                0x000000002400f4ec                HAL_PWR_DeInit
 *fill*         0x000000002400f4fa        0x2 
 .text.HAL_PWR_EnableBkUpAccess
                0x000000002400f4fc       0x20 Drivers/STM32H7xx_HAL_Driver/Src/stm32h7xx_hal_pwr.o
                0x000000002400f4fc                HAL_PWR_EnableBkUpAccess
 .text.HAL_PWR_DisableBkUpAccess
                0x000000002400f51c       0x20 Drivers/STM32H7xx_HAL_Driver/Src/stm32h7xx_hal_pwr.o
                0x000000002400f51c                HAL_PWR_DisableBkUpAccess
 .text.HAL_PWR_ConfigPVD
                0x000000002400f53c       0xf4 Drivers/STM32H7xx_HAL_Driver/Src/stm32h7xx_hal_pwr.o
                0x000000002400f53c                HAL_PWR_ConfigPVD
 .text.HAL_PWR_EnablePVD
                0x000000002400f630       0x20 Drivers/STM32H7xx_HAL_Driver/Src/stm32h7xx_hal_pwr.o
                0x000000002400f630                HAL_PWR_EnablePVD
 .text.HAL_PWR_DisablePVD
                0x000000002400f650       0x20 Drivers/STM32H7xx_HAL_Driver/Src/stm32h7xx_hal_pwr.o
                0x000000002400f650                HAL_PWR_DisablePVD
 .text.HAL_PWR_EnableWakeUpPin
                0x000000002400f670       0x2c Drivers/STM32H7xx_HAL_Driver/Src/stm32h7xx_hal_pwr.o
                0x000000002400f670                HAL_PWR_EnableWakeUpPin
 .text.HAL_PWR_DisableWakeUpPin
                0x000000002400f69c       0x2c Drivers/STM32H7xx_HAL_Driver/Src/stm32h7xx_hal_pwr.o
                0x000000002400f69c                HAL_PWR_DisableWakeUpPin
 .text.HAL_PWR_EnterSLEEPMode
                0x000000002400f6c8       0x34 Drivers/STM32H7xx_HAL_Driver/Src/stm32h7xx_hal_pwr.o
                0x000000002400f6c8                HAL_PWR_EnterSLEEPMode
 .text.HAL_PWR_EnterSTOPMode
                0x000000002400f6fc       0x74 Drivers/STM32H7xx_HAL_Driver/Src/stm32h7xx_hal_pwr.o
                0x000000002400f6fc                HAL_PWR_EnterSTOPMode
 .text.HAL_PWR_EnterSTANDBYMode
                0x000000002400f770       0x44 Drivers/STM32H7xx_HAL_Driver/Src/stm32h7xx_hal_pwr.o
                0x000000002400f770                HAL_PWR_EnterSTANDBYMode
 .text.HAL_PWR_EnableSleepOnExit
                0x000000002400f7b4       0x20 Drivers/STM32H7xx_HAL_Driver/Src/stm32h7xx_hal_pwr.o
                0x000000002400f7b4                HAL_PWR_EnableSleepOnExit
 .text.HAL_PWR_DisableSleepOnExit
                0x000000002400f7d4       0x20 Drivers/STM32H7xx_HAL_Driver/Src/stm32h7xx_hal_pwr.o
                0x000000002400f7d4                HAL_PWR_DisableSleepOnExit
 .text.HAL_PWR_EnableSEVOnPend
                0x000000002400f7f4       0x20 Drivers/STM32H7xx_HAL_Driver/Src/stm32h7xx_hal_pwr.o
                0x000000002400f7f4                HAL_PWR_EnableSEVOnPend
 .text.HAL_PWR_DisableSEVOnPend
                0x000000002400f814       0x20 Drivers/STM32H7xx_HAL_Driver/Src/stm32h7xx_hal_pwr.o
                0x000000002400f814                HAL_PWR_DisableSEVOnPend
 .text.HAL_PWR_PVD_IRQHandler
                0x000000002400f834       0x32 Drivers/STM32H7xx_HAL_Driver/Src/stm32h7xx_hal_pwr.o
                0x000000002400f834                HAL_PWR_PVD_IRQHandler
 .text.HAL_PWR_PVDCallback
                0x000000002400f866        0xe Drivers/STM32H7xx_HAL_Driver/Src/stm32h7xx_hal_pwr.o
                0x000000002400f866                HAL_PWR_PVDCallback
 .text.HAL_PWREx_ConfigSupply
                0x000000002400f874       0x74 Drivers/STM32H7xx_HAL_Driver/Src/stm32h7xx_hal_pwr_ex.o
                0x000000002400f874                HAL_PWREx_ConfigSupply
 .text.HAL_PWREx_GetSupplyConfig
                0x000000002400f8e8       0x1c Drivers/STM32H7xx_HAL_Driver/Src/stm32h7xx_hal_pwr_ex.o
                0x000000002400f8e8                HAL_PWREx_GetSupplyConfig
 .text.HAL_PWREx_ControlVoltageScaling
                0x000000002400f904      0x110 Drivers/STM32H7xx_HAL_Driver/Src/stm32h7xx_hal_pwr_ex.o
                0x000000002400f904                HAL_PWREx_ControlVoltageScaling
 .text.HAL_PWREx_GetVoltageRange
                0x000000002400fa14       0x1c Drivers/STM32H7xx_HAL_Driver/Src/stm32h7xx_hal_pwr_ex.o
                0x000000002400fa14                HAL_PWREx_GetVoltageRange
 .text.HAL_PWREx_ControlStopModeVoltageScaling
                0x000000002400fa30       0x2c Drivers/STM32H7xx_HAL_Driver/Src/stm32h7xx_hal_pwr_ex.o
                0x000000002400fa30                HAL_PWREx_ControlStopModeVoltageScaling
 .text.HAL_PWREx_GetStopModeVoltageRange
                0x000000002400fa5c       0x1c Drivers/STM32H7xx_HAL_Driver/Src/stm32h7xx_hal_pwr_ex.o
                0x000000002400fa5c                HAL_PWREx_GetStopModeVoltageRange
 .text.HAL_PWREx_EnterSTOPMode
                0x000000002400fa78       0x94 Drivers/STM32H7xx_HAL_Driver/Src/stm32h7xx_hal_pwr_ex.o
                0x000000002400fa78                HAL_PWREx_EnterSTOPMode
 .text.HAL_PWREx_ClearPendingEvent
                0x000000002400fb0c       0x10 Drivers/STM32H7xx_HAL_Driver/Src/stm32h7xx_hal_pwr_ex.o
                0x000000002400fb0c                HAL_PWREx_ClearPendingEvent
 .text.HAL_PWREx_EnterSTANDBYMode
                0x000000002400fb1c       0x60 Drivers/STM32H7xx_HAL_Driver/Src/stm32h7xx_hal_pwr_ex.o
                0x000000002400fb1c                HAL_PWREx_EnterSTANDBYMode
 .text.HAL_PWREx_ConfigD3Domain
                0x000000002400fb7c       0x28 Drivers/STM32H7xx_HAL_Driver/Src/stm32h7xx_hal_pwr_ex.o
                0x000000002400fb7c                HAL_PWREx_ConfigD3Domain
 .text.HAL_PWREx_EnableFlashPowerDown
                0x000000002400fba4       0x20 Drivers/STM32H7xx_HAL_Driver/Src/stm32h7xx_hal_pwr_ex.o
                0x000000002400fba4                HAL_PWREx_EnableFlashPowerDown
 .text.HAL_PWREx_DisableFlashPowerDown
                0x000000002400fbc4       0x20 Drivers/STM32H7xx_HAL_Driver/Src/stm32h7xx_hal_pwr_ex.o
                0x000000002400fbc4                HAL_PWREx_DisableFlashPowerDown
 .text.HAL_PWREx_EnableWakeUpPin
                0x000000002400fbe4       0xf0 Drivers/STM32H7xx_HAL_Driver/Src/stm32h7xx_hal_pwr_ex.o
                0x000000002400fbe4                HAL_PWREx_EnableWakeUpPin
 .text.HAL_PWREx_DisableWakeUpPin
                0x000000002400fcd4       0x28 Drivers/STM32H7xx_HAL_Driver/Src/stm32h7xx_hal_pwr_ex.o
                0x000000002400fcd4                HAL_PWREx_DisableWakeUpPin
 .text.HAL_PWREx_GetWakeupFlag
                0x000000002400fcfc       0x20 Drivers/STM32H7xx_HAL_Driver/Src/stm32h7xx_hal_pwr_ex.o
                0x000000002400fcfc                HAL_PWREx_GetWakeupFlag
 .text.HAL_PWREx_ClearWakeupFlag
                0x000000002400fd1c       0x38 Drivers/STM32H7xx_HAL_Driver/Src/stm32h7xx_hal_pwr_ex.o
                0x000000002400fd1c                HAL_PWREx_ClearWakeupFlag
 .text.HAL_PWREx_WAKEUP_PIN_IRQHandler
                0x000000002400fd54       0xb4 Drivers/STM32H7xx_HAL_Driver/Src/stm32h7xx_hal_pwr_ex.o
                0x000000002400fd54                HAL_PWREx_WAKEUP_PIN_IRQHandler
 .text.HAL_PWREx_WKUP1_Callback
                0x000000002400fe08        0xe Drivers/STM32H7xx_HAL_Driver/Src/stm32h7xx_hal_pwr_ex.o
                0x000000002400fe08                HAL_PWREx_WKUP1_Callback
 .text.HAL_PWREx_WKUP2_Callback
                0x000000002400fe16        0xe Drivers/STM32H7xx_HAL_Driver/Src/stm32h7xx_hal_pwr_ex.o
                0x000000002400fe16                HAL_PWREx_WKUP2_Callback
 .text.HAL_PWREx_WKUP3_Callback
                0x000000002400fe24        0xe Drivers/STM32H7xx_HAL_Driver/Src/stm32h7xx_hal_pwr_ex.o
                0x000000002400fe24                HAL_PWREx_WKUP3_Callback
 .text.HAL_PWREx_WKUP4_Callback
                0x000000002400fe32        0xe Drivers/STM32H7xx_HAL_Driver/Src/stm32h7xx_hal_pwr_ex.o
                0x000000002400fe32                HAL_PWREx_WKUP4_Callback
 .text.HAL_PWREx_WKUP5_Callback
                0x000000002400fe40        0xe Drivers/STM32H7xx_HAL_Driver/Src/stm32h7xx_hal_pwr_ex.o
                0x000000002400fe40                HAL_PWREx_WKUP5_Callback
 .text.HAL_PWREx_WKUP6_Callback
                0x000000002400fe4e        0xe Drivers/STM32H7xx_HAL_Driver/Src/stm32h7xx_hal_pwr_ex.o
                0x000000002400fe4e                HAL_PWREx_WKUP6_Callback
 .text.HAL_PWREx_EnableBkUpReg
                0x000000002400fe5c       0x4c Drivers/STM32H7xx_HAL_Driver/Src/stm32h7xx_hal_pwr_ex.o
                0x000000002400fe5c                HAL_PWREx_EnableBkUpReg
 .text.HAL_PWREx_DisableBkUpReg
                0x000000002400fea8       0x4c Drivers/STM32H7xx_HAL_Driver/Src/stm32h7xx_hal_pwr_ex.o
                0x000000002400fea8                HAL_PWREx_DisableBkUpReg
 .text.HAL_PWREx_EnableUSBReg
                0x000000002400fef4       0x4c Drivers/STM32H7xx_HAL_Driver/Src/stm32h7xx_hal_pwr_ex.o
                0x000000002400fef4                HAL_PWREx_EnableUSBReg
 .text.HAL_PWREx_DisableUSBReg
                0x000000002400ff40       0x4c Drivers/STM32H7xx_HAL_Driver/Src/stm32h7xx_hal_pwr_ex.o
                0x000000002400ff40                HAL_PWREx_DisableUSBReg
 .text.HAL_PWREx_EnableUSBVoltageDetector
                0x000000002400ff8c       0x20 Drivers/STM32H7xx_HAL_Driver/Src/stm32h7xx_hal_pwr_ex.o
                0x000000002400ff8c                HAL_PWREx_EnableUSBVoltageDetector
 .text.HAL_PWREx_DisableUSBVoltageDetector
                0x000000002400ffac       0x20 Drivers/STM32H7xx_HAL_Driver/Src/stm32h7xx_hal_pwr_ex.o
                0x000000002400ffac                HAL_PWREx_DisableUSBVoltageDetector
 .text.HAL_PWREx_EnableBatteryCharging
                0x000000002400ffcc       0x34 Drivers/STM32H7xx_HAL_Driver/Src/stm32h7xx_hal_pwr_ex.o
                0x000000002400ffcc                HAL_PWREx_EnableBatteryCharging
 .text.HAL_PWREx_DisableBatteryCharging
                0x0000000024010000       0x20 Drivers/STM32H7xx_HAL_Driver/Src/stm32h7xx_hal_pwr_ex.o
                0x0000000024010000                HAL_PWREx_DisableBatteryCharging
 .text.HAL_PWREx_EnableMonitoring
                0x0000000024010020       0x20 Drivers/STM32H7xx_HAL_Driver/Src/stm32h7xx_hal_pwr_ex.o
                0x0000000024010020                HAL_PWREx_EnableMonitoring
 .text.HAL_PWREx_DisableMonitoring
                0x0000000024010040       0x20 Drivers/STM32H7xx_HAL_Driver/Src/stm32h7xx_hal_pwr_ex.o
                0x0000000024010040                HAL_PWREx_DisableMonitoring
 .text.HAL_PWREx_GetTemperatureLevel
                0x0000000024010060       0x48 Drivers/STM32H7xx_HAL_Driver/Src/stm32h7xx_hal_pwr_ex.o
                0x0000000024010060                HAL_PWREx_GetTemperatureLevel
 .text.HAL_PWREx_GetVBATLevel
                0x00000000240100a8       0x48 Drivers/STM32H7xx_HAL_Driver/Src/stm32h7xx_hal_pwr_ex.o
                0x00000000240100a8                HAL_PWREx_GetVBATLevel
 .text.HAL_PWREx_ConfigAVD
                0x00000000240100f0       0xec Drivers/STM32H7xx_HAL_Driver/Src/stm32h7xx_hal_pwr_ex.o
                0x00000000240100f0                HAL_PWREx_ConfigAVD
 .text.HAL_PWREx_EnableAVD
                0x00000000240101dc       0x20 Drivers/STM32H7xx_HAL_Driver/Src/stm32h7xx_hal_pwr_ex.o
                0x00000000240101dc                HAL_PWREx_EnableAVD
 .text.HAL_PWREx_DisableAVD
                0x00000000240101fc       0x20 Drivers/STM32H7xx_HAL_Driver/Src/stm32h7xx_hal_pwr_ex.o
                0x00000000240101fc                HAL_PWREx_DisableAVD
 .text.HAL_PWREx_PVD_AVD_IRQHandler
                0x000000002401021c       0x78 Drivers/STM32H7xx_HAL_Driver/Src/stm32h7xx_hal_pwr_ex.o
                0x000000002401021c                HAL_PWREx_PVD_AVD_IRQHandler
 .text.HAL_PWREx_AVDCallback
                0x0000000024010294        0xe Drivers/STM32H7xx_HAL_Driver/Src/stm32h7xx_hal_pwr_ex.o
                0x0000000024010294                HAL_PWREx_AVDCallback
 *fill*         0x00000000240102a2        0x2 
 .text.HAL_QSPI_Init
                0x00000000240102a4       0xe8 Drivers/STM32H7xx_HAL_Driver/Src/stm32h7xx_hal_qspi.o
                0x00000000240102a4                HAL_QSPI_Init
 .text.HAL_QSPI_DeInit
                0x000000002401038c       0x40 Drivers/STM32H7xx_HAL_Driver/Src/stm32h7xx_hal_qspi.o
                0x000000002401038c                HAL_QSPI_DeInit
 .text.HAL_QSPI_MspInit
                0x00000000240103cc       0x14 Drivers/STM32H7xx_HAL_Driver/Src/stm32h7xx_hal_qspi.o
 .text.HAL_QSPI_MspDeInit
                0x00000000240103e0       0x14 Drivers/STM32H7xx_HAL_Driver/Src/stm32h7xx_hal_qspi.o
 .text.HAL_QSPI_IRQHandler
                0x00000000240103f4      0x374 Drivers/STM32H7xx_HAL_Driver/Src/stm32h7xx_hal_qspi.o
                0x00000000240103f4                HAL_QSPI_IRQHandler
 .text.HAL_QSPI_Command
                0x0000000024010768       0xbc Drivers/STM32H7xx_HAL_Driver/Src/stm32h7xx_hal_qspi.o
                0x0000000024010768                HAL_QSPI_Command
 .text.HAL_QSPI_Command_IT
                0x0000000024010824       0xcc Drivers/STM32H7xx_HAL_Driver/Src/stm32h7xx_hal_qspi.o
                0x0000000024010824                HAL_QSPI_Command_IT
 .text.HAL_QSPI_Transmit